Archive member included to satisfy reference by file (symbol)

C:/ST/STM32CubeIDE_1.13.0/STM32CubeIDE/plugins/com.st.stm32cube.ide.mcu.externaltools.gnu-tools-for-stm32.11.3.rel1.win32_1.1.0.202305231506/tools/bin/../lib/gcc/arm-none-eabi/11.3.1/../../../../arm-none-eabi/lib/thumb/v7-m/nofp\libc_nano.a(libc_a-exit.o)
                              C:/ST/STM32CubeIDE_1.13.0/STM32CubeIDE/plugins/com.st.stm32cube.ide.mcu.externaltools.gnu-tools-for-stm32.11.3.rel1.win32_1.1.0.202305231506/tools/bin/../lib/gcc/arm-none-eabi/11.3.1/../../../../arm-none-eabi/lib/thumb/v7-m/nofp/crt0.o (exit)
C:/ST/STM32CubeIDE_1.13.0/STM32CubeIDE/plugins/com.st.stm32cube.ide.mcu.externaltools.gnu-tools-for-stm32.11.3.rel1.win32_1.1.0.202305231506/tools/bin/../lib/gcc/arm-none-eabi/11.3.1/../../../../arm-none-eabi/lib/thumb/v7-m/nofp\libc_nano.a(libc_a-findfp.o)
                              C:/ST/STM32CubeIDE_1.13.0/STM32CubeIDE/plugins/com.st.stm32cube.ide.mcu.externaltools.gnu-tools-for-stm32.11.3.rel1.win32_1.1.0.202305231506/tools/bin/../lib/gcc/arm-none-eabi/11.3.1/../../../../arm-none-eabi/lib/thumb/v7-m/nofp\libc_nano.a(libc_a-exit.o) (__stdio_exit_handler)
C:/ST/STM32CubeIDE_1.13.0/STM32CubeIDE/plugins/com.st.stm32cube.ide.mcu.externaltools.gnu-tools-for-stm32.11.3.rel1.win32_1.1.0.202305231506/tools/bin/../lib/gcc/arm-none-eabi/11.3.1/../../../../arm-none-eabi/lib/thumb/v7-m/nofp\libc_nano.a(libc_a-fwalk.o)
                              C:/ST/STM32CubeIDE_1.13.0/STM32CubeIDE/plugins/com.st.stm32cube.ide.mcu.externaltools.gnu-tools-for-stm32.11.3.rel1.win32_1.1.0.202305231506/tools/bin/../lib/gcc/arm-none-eabi/11.3.1/../../../../arm-none-eabi/lib/thumb/v7-m/nofp\libc_nano.a(libc_a-findfp.o) (_fwalk_sglue)
C:/ST/STM32CubeIDE_1.13.0/STM32CubeIDE/plugins/com.st.stm32cube.ide.mcu.externaltools.gnu-tools-for-stm32.11.3.rel1.win32_1.1.0.202305231506/tools/bin/../lib/gcc/arm-none-eabi/11.3.1/../../../../arm-none-eabi/lib/thumb/v7-m/nofp\libc_nano.a(libc_a-stdio.o)
                              C:/ST/STM32CubeIDE_1.13.0/STM32CubeIDE/plugins/com.st.stm32cube.ide.mcu.externaltools.gnu-tools-for-stm32.11.3.rel1.win32_1.1.0.202305231506/tools/bin/../lib/gcc/arm-none-eabi/11.3.1/../../../../arm-none-eabi/lib/thumb/v7-m/nofp\libc_nano.a(libc_a-findfp.o) (__sread)
C:/ST/STM32CubeIDE_1.13.0/STM32CubeIDE/plugins/com.st.stm32cube.ide.mcu.externaltools.gnu-tools-for-stm32.11.3.rel1.win32_1.1.0.202305231506/tools/bin/../lib/gcc/arm-none-eabi/11.3.1/../../../../arm-none-eabi/lib/thumb/v7-m/nofp\libc_nano.a(libc_a-vsprintf.o)
                              ./Core/Src/lcd.o (vsprintf)
C:/ST/STM32CubeIDE_1.13.0/STM32CubeIDE/plugins/com.st.stm32cube.ide.mcu.externaltools.gnu-tools-for-stm32.11.3.rel1.win32_1.1.0.202305231506/tools/bin/../lib/gcc/arm-none-eabi/11.3.1/../../../../arm-none-eabi/lib/thumb/v7-m/nofp\libc_nano.a(libc_a-memset.o)
                              C:/ST/STM32CubeIDE_1.13.0/STM32CubeIDE/plugins/com.st.stm32cube.ide.mcu.externaltools.gnu-tools-for-stm32.11.3.rel1.win32_1.1.0.202305231506/tools/bin/../lib/gcc/arm-none-eabi/11.3.1/../../../../arm-none-eabi/lib/thumb/v7-m/nofp/crt0.o (memset)
C:/ST/STM32CubeIDE_1.13.0/STM32CubeIDE/plugins/com.st.stm32cube.ide.mcu.externaltools.gnu-tools-for-stm32.11.3.rel1.win32_1.1.0.202305231506/tools/bin/../lib/gcc/arm-none-eabi/11.3.1/../../../../arm-none-eabi/lib/thumb/v7-m/nofp\libc_nano.a(libc_a-closer.o)
                              C:/ST/STM32CubeIDE_1.13.0/STM32CubeIDE/plugins/com.st.stm32cube.ide.mcu.externaltools.gnu-tools-for-stm32.11.3.rel1.win32_1.1.0.202305231506/tools/bin/../lib/gcc/arm-none-eabi/11.3.1/../../../../arm-none-eabi/lib/thumb/v7-m/nofp\libc_nano.a(libc_a-stdio.o) (_close_r)
C:/ST/STM32CubeIDE_1.13.0/STM32CubeIDE/plugins/com.st.stm32cube.ide.mcu.externaltools.gnu-tools-for-stm32.11.3.rel1.win32_1.1.0.202305231506/tools/bin/../lib/gcc/arm-none-eabi/11.3.1/../../../../arm-none-eabi/lib/thumb/v7-m/nofp\libc_nano.a(libc_a-reent.o)
                              C:/ST/STM32CubeIDE_1.13.0/STM32CubeIDE/plugins/com.st.stm32cube.ide.mcu.externaltools.gnu-tools-for-stm32.11.3.rel1.win32_1.1.0.202305231506/tools/bin/../lib/gcc/arm-none-eabi/11.3.1/../../../../arm-none-eabi/lib/thumb/v7-m/nofp\libc_nano.a(libc_a-closer.o) (errno)
C:/ST/STM32CubeIDE_1.13.0/STM32CubeIDE/plugins/com.st.stm32cube.ide.mcu.externaltools.gnu-tools-for-stm32.11.3.rel1.win32_1.1.0.202305231506/tools/bin/../lib/gcc/arm-none-eabi/11.3.1/../../../../arm-none-eabi/lib/thumb/v7-m/nofp\libc_nano.a(libc_a-impure.o)
                              C:/ST/STM32CubeIDE_1.13.0/STM32CubeIDE/plugins/com.st.stm32cube.ide.mcu.externaltools.gnu-tools-for-stm32.11.3.rel1.win32_1.1.0.202305231506/tools/bin/../lib/gcc/arm-none-eabi/11.3.1/../../../../arm-none-eabi/lib/thumb/v7-m/nofp\libc_nano.a(libc_a-vsprintf.o) (_impure_ptr)
[...]
Memory Configuration

Name             Origin             Length             Attributes
RAM              0x0000000020000000 0x0000000000002800 xrw
FLASH            0x0000000008000000 0x0000000000008000 xr
*default*        0x0000000000000000 0xffffffffffffffff

Linker script and memory map

LOAD C:/ST/STM32CubeIDE_1.13.0/STM32CubeIDE/plugins/com.st.stm32cube.ide.mcu.externaltools.gnu-tools-for-stm32.11.3.rel1.win32_1.1.0.202305231506/tools/bin/../lib/gcc/arm-none-eabi/11.3.1/thumb/v7-m/nofp/crti.o
LOAD C:/ST/STM32CubeIDE_1.13.0/STM32CubeIDE/plugins/com.st.stm32cube.ide.mcu.externaltools.gnu-tools-for-stm32.11.3.rel1.win32_1.1.0.202305231506/tools/bin/../lib/gcc/arm-none-eabi/11.3.1/thumb/v7-m/nofp/crtbegin.o
LOAD C:/ST/STM32CubeIDE_1.13.0/STM32CubeIDE/plugins/com.st.stm32cube.ide.mcu.externaltools.gnu-tools-for-stm32.11.3.rel1.win32_1.1.0.202305231506/tools/bin/../lib/gcc/arm-none-eabi/11.3.1/../../../../arm-none-eabi/lib/thumb/v7-m/nofp/crt0.o
LOAD ./Core/Src/lcd.o
LOAD ./Core/Src/main.o
LOAD ./Core/Src/stm32f1xx_hal_msp.o
LOAD ./Core/Src/stm32f1xx_it.o
LOAD ./Core/Src/syscalls.o
LOAD ./Core/Src/sysmem.o
LOAD ./Core/Src/system_stm32f1xx.o
LOAD ./Core/Startup/startup_stm32f103c6tx.o
LOAD ./Drivers/STM32F1xx_HAL_Driver/Src/stm32f1xx_hal.o
LOAD ./Drivers/STM32F1xx_HAL_Driver/Src/stm32f1xx_hal_adc.o
LOAD ./Drivers/STM32F1xx_HAL_Driver/Src/stm32f1xx_hal_adc_ex.o
LOAD ./Drivers/STM32F1xx_HAL_Driver/Src/stm32f1xx_hal_cortex.o
LOAD ./Drivers/STM32F1xx_HAL_Driver/Src/stm32f1xx_hal_dma.o
LOAD ./Drivers/STM32F1xx_HAL_Driver/Src/stm32f1xx_hal_exti.o
LOAD ./Drivers/STM32F1xx_HAL_Driver/Src/stm32f1xx_hal_flash.o
LOAD ./Drivers/STM32F1xx_HAL_Driver/Src/stm32f1xx_hal_flash_ex.o
LOAD ./Drivers/STM32F1xx_HAL_Driver/Src/stm32f1xx_hal_gpio.o
LOAD ./Drivers/STM32F1xx_HAL_Driver/Src/stm32f1xx_hal_gpio_ex.o
LOAD ./Drivers/STM32F1xx_HAL_Driver/Src/stm32f1xx_hal_i2c.o
LOAD ./Drivers/STM32F1xx_HAL_Driver/Src/stm32f1xx_hal_pwr.o
LOAD ./Drivers/STM32F1xx_HAL_Driver/Src/stm32f1xx_hal_rcc.o
LOAD ./Drivers/STM32F1xx_HAL_Driver/Src/stm32f1xx_hal_rcc_ex.o
LOAD ./Drivers/STM32F1xx_HAL_Driver/Src/stm32f1xx_hal_tim.o
LOAD ./Drivers/STM32F1xx_HAL_Driver/Src/stm32f1xx_hal_tim_ex.o
LOAD ./Drivers/STM32F1xx_HAL_Driver/Src/stm32f1xx_hal_uart.o
START GROUP
LOAD C:/ST/STM32CubeIDE_1.13.0/STM32CubeIDE/plugins/com.st.stm32cube.ide.mcu.externaltools.gnu-tools-for-stm32.11.3.rel1.win32_1.1.0.202305231506/tools/bin/../lib/gcc/arm-none-eabi/11.3.1/../../../../arm-none-eabi/lib/thumb/v7-m/nofp\libc_nano.a
LOAD C:/ST/STM32CubeIDE_1.13.0/STM32CubeIDE/plugins/com.st.stm32cube.ide.mcu.externaltools.gnu-tools-for-stm32.11.3.rel1.win32_1.1.0.202305231506/tools/bin/../lib/gcc/arm-none-eabi/11.3.1/../../../../arm-none-eabi/lib/thumb/v7-m/nofp\libm.a
END GROUP
START GROUP
LOAD C:/ST/STM32CubeIDE_1.13.0/STM32CubeIDE/plugins/com.st.stm32cube.ide.mcu.externaltools.gnu-tools-for-stm32.11.3.rel1.win32_1.1.0.202305231506/tools/bin/../lib/gcc/arm-none-eabi/11.3.1/thumb/v7-m/nofp\libgcc.a
LOAD C:/ST/STM32CubeIDE_1.13.0/STM32CubeIDE/plugins/com.st.stm32cube.ide.mcu.externaltools.gnu-tools-for-stm32.11.3.rel1.win32_1.1.0.202305231506/tools/bin/../lib/gcc/arm-none-eabi/11.3.1/../../../../arm-none-eabi/lib/thumb/v7-m/nofp\libc_nano.a
END GROUP
START GROUP
LOAD C:/ST/STM32CubeIDE_1.13.0/STM32CubeIDE/plugins/com.st.stm32cube.ide.mcu.externaltools.gnu-tools-for-stm32.11.3.rel1.win32_1.1.0.202305231506/tools/bin/../lib/gcc/arm-none-eabi/11.3.1/thumb/v7-m/nofp\libgcc.a
LOAD C:/ST/STM32CubeIDE_1.13.0/STM32CubeIDE/plugins/com.st.stm32cube.ide.mcu.externaltools.gnu-tools-for-stm32.11.3.rel1.win32_1.1.0.202305231506/tools/bin/../lib/gcc/arm-none-eabi/11.3.1/../../../../arm-none-eabi/lib/thumb/v7-m/nofp\libc_nano.a
LOAD C:/ST/STM32CubeIDE_1.13.0/STM32CubeIDE/plugins/com.st.stm32cube.ide.mcu.externaltools.gnu-tools-for-stm32.11.3.rel1.win32_1.1.0.202305231506/tools/bin/../lib/gcc/arm-none-eabi/11.3.1/../../../../arm-none-eabi/lib/thumb/v7-m/nofp\libnosys.a
END GROUP
START GROUP
LOAD C:/ST/STM32CubeIDE_1.13.0/STM32CubeIDE/plugins/com.st.stm32cube.ide.mcu.externaltools.gnu-tools-for-stm32.11.3.rel1.win32_1.1.0.202305231506/tools/bin/../lib/gcc/arm-none-eabi/11.3.1/thumb/v7-m/nofp\libgcc.a
LOAD C:/ST/STM32CubeIDE_1.13.0/STM32CubeIDE/plugins/com.st.stm32cube.ide.mcu.externaltools.gnu-tools-for-stm32.11.3.rel1.win32_1.1.0.202305231506/tools/bin/../lib/gcc/arm-none-eabi/11.3.1/../../../../arm-none-eabi/lib/thumb/v7-m/nofp\libc_nano.a
LOAD C:/ST/STM32CubeIDE_1.13.0/STM32CubeIDE/plugins/com.st.stm32cube.ide.mcu.externaltools.gnu-tools-for-stm32.11.3.rel1.win32_1.1.0.202305231506/tools/bin/../lib/gcc/arm-none-eabi/11.3.1/../../../../arm-none-eabi/lib/thumb/v7-m/nofp\libnosys.a
END GROUP
LOAD C:/ST/STM32CubeIDE_1.13.0/STM32CubeIDE/plugins/com.st.stm32cube.ide.mcu.externaltools.gnu-tools-for-stm32.11.3.rel1.win32_1.1.0.202305231506/tools/bin/../lib/gcc/arm-none-eabi/11.3.1/thumb/v7-m/nofp/crtend.o
LOAD C:/ST/STM32CubeIDE_1.13.0/STM32CubeIDE/plugins/com.st.stm32cube.ide.mcu.externaltools.gnu-tools-for-stm32.11.3.rel1.win32_1.1.0.202305231506/tools/bin/../lib/gcc/arm-none-eabi/11.3.1/thumb/v7-m/nofp/crtn.o
                0x0000000020002800                _estack = (ORIGIN (RAM) + LENGTH (RAM))
                0x0000000000000200                _Min_Heap_Size = 0x200
                0x0000000000000400                _Min_Stack_Size = 0x400

.isr_vector     0x0000000008000000      0x10c
                0x0000000008000000                . = ALIGN (0x4)
 *(.isr_vector)
 .isr_vector    0x0000000008000000      0x10c ./Core/Startup/startup_stm32f103c6tx.o
                0x0000000008000000                g_pfnVectors
                0x000000000800010c                . = ALIGN (0x4)

.text           0x000000000800010c     0x5a78
                0x000000000800010c                . = ALIGN (0x4)
 *(.text)
 .text          0x000000000800010c       0x40 C:/ST/STM32CubeIDE_1.13.0/STM32CubeIDE/plugins/com.st.stm32cube.ide.mcu.externaltools.gnu-tools-for-stm32.11.3.rel1.win32_1.1.0.202305231506/tools/bin/../lib/gcc/arm-none-eabi/11.3.1/thumb/v7-m/nofp/crtbegin.o
 .text          0x000000000800014c      0x168 C:/ST/STM32CubeIDE_1.13.0/STM32CubeIDE/plugins/com.st.stm32cube.ide.mcu.externaltools.gnu-tools-for-stm32.11.3.rel1.win32_1.1.0.202305231506/tools/bin/../lib/gcc/arm-none-eabi/11.3.1/thumb/v7-m/nofp\libgcc.a(_arm_mulsf3.o)
                0x000000000800014c                __aeabi_fmul
                0x000000000800014c                __mulsf3
 .text          0x00000000080002b4      0x21c C:/ST/STM32CubeIDE_1.13.0/STM32CubeIDE/plugins/com.st.stm32cube.ide.mcu.externaltools.gnu-tools-for-stm32.11.3.rel1.win32_1.1.0.202305231506/tools/bin/../lib/gcc/arm-none-eabi/11.3.1/thumb/v7-m/nofp\libgcc.a(_arm_addsubsf3.o)
                0x00000000080002b4                __aeabi_frsub
                0x00000000080002bc                __subsf3
                0x00000000080002bc                __aeabi_fsub
                0x00000000080002c0                __aeabi_fadd
                0x00000000080002c0                __addsf3
                0x0000000008000420                __aeabi_ui2f
                0x0000000008000420                __floatunsisf
                0x0000000008000428                __aeabi_i2f
                0x0000000008000428                __floatsisf
                0x0000000008000444                __aeabi_ul2f
                0x0000000008000444                __floatundisf
                0x0000000008000454                __aeabi_l2f
                0x0000000008000454                __floatdisf
 .text          0x00000000080004d0       0xec C:/ST/STM32CubeIDE_1.13.0/STM32CubeIDE/plugins/com.st.stm32cube.ide.mcu.externaltools.gnu-tools-for-stm32.11.3.rel1.win32_1.1.0.202305231506/tools/bin/../lib/gcc/arm-none-eabi/11.3.1/thumb/v7-m/nofp\libgcc.a(_arm_cmpsf2.o)
                0x00000000080004d0                __gesf2
                0x00000000080004d0                __gtsf2
                0x00000000080004d8                __lesf2
                0x00000000080004d8                __ltsf2
                0x00000000080004e0                __nesf2
                0x00000000080004e0                __eqsf2
                0x00000000080004e0                __cmpsf2
                0x0000000008000540                __aeabi_cfrcmple
                0x0000000008000548                __aeabi_cfcmpeq
                0x0000000008000548                __aeabi_cfcmple
                0x0000000008000558                __aeabi_fcmpeq
                0x000000000800056c                __aeabi_fcmplt
                0x0000000008000580                __aeabi_fcmple
                0x0000000008000594                __aeabi_fcmpge
                0x00000000080005a8                __aeabi_fcmpgt
 .text          0x00000000080005bc       0x4c C:/ST/STM32CubeIDE_1.13.0/STM32CubeIDE/plugins/com.st.stm32cube.ide.mcu.externaltools.gnu-tools-for-stm32.11.3.rel1.win32_1.1.0.202305231506/tools/bin/../lib/gcc/arm-none-eabi/11.3.1/thumb/v7-m/nofp\libgcc.a(_arm_fixsfsi.o)
                0x00000000080005bc                __aeabi_f2iz
                0x00000000080005bc                __fixsfsi
 *(.text*)
 .text.LCD_CMD  0x0000000008000608       0xc0 ./Core/Src/lcd.o
                0x0000000008000608                LCD_CMD
 .text.LCD_INIT
                0x00000000080006c8       0x60 ./Core/Src/lcd.o
                0x00000000080006c8                LCD_INIT
 .text.LCD_printchar
                0x0000000008000728       0xc0 ./Core/Src/lcd.o
                0x0000000008000728                LCD_printchar
 .text.LCD_printstring
                0x00000000080007e8       0x14 ./Core/Src/lcd.o
                0x00000000080007e8                LCD_printstring
 .text.LCD_CLEAR_DISPLAY
                0x00000000080007fc       0x14 ./Core/Src/lcd.o
                0x00000000080007fc                LCD_CLEAR_DISPLAY
 .text.LCD_DISP_ON
                0x0000000008000810        0x8 ./Core/Src/lcd.o
                0x0000000008000810                LCD_DISP_ON
 .text.LCD_DISP_OFF
                0x0000000008000818        0x8 ./Core/Src/lcd.o
                0x0000000008000818                LCD_DISP_OFF
 .text.LCD_LOCATE
                0x0000000008000820       0x20 ./Core/Src/lcd.o
                0x0000000008000820                LCD_LOCATE
 .text.LCD_printf
                0x0000000008000840       0x48 ./Core/Src/lcd.o
                0x0000000008000840                LCD_printf
 .text.SystemClock_Config
                0x0000000008000888       0x7c ./Core/Src/main.o
                0x0000000008000888                SystemClock_Config
 .text.faultCheck
                0x0000000008000904      0x334 ./Core/Src/main.o
                0x0000000008000904                faultCheck
 .text.TIM2_ISR
                0x0000000008000c38       0xa0 ./Core/Src/main.o
                0x0000000008000c38                TIM2_ISR
 .text.PI       0x0000000008000cd8       0xa0 ./Core/Src/main.o
                0x0000000008000cd8                PI
 .text.TIM1_ISR
                0x0000000008000d78      0x194 ./Core/Src/main.o
                0x0000000008000d78                TIM1_ISR
 .text.readGPIO
                0x0000000008000f0c      0x274 ./Core/Src/main.o
                0x0000000008000f0c                readGPIO
 .text.sysTick  0x0000000008001180      0x104 ./Core/Src/main.o
                0x0000000008001180                sysTick
 .text.execDISP
                0x0000000008001284       0xdc ./Core/Src/main.o
                0x0000000008001284                execDISP
 .text.InitParameters
                0x0000000008001360       0x68 ./Core/Src/main.o
                0x0000000008001360                InitParameters
 .text.InitPeripheral
                0x00000000080013c8       0x40 ./Core/Src/main.o
                0x00000000080013c8                InitPeripheral
 .text.startup.main
                0x0000000008001408      0x8fc ./Core/Src/main.o
                0x0000000008001408                main
 .text.HAL_ADC_ConvCpltCallback
                0x0000000008001d04       0x58 ./Core/Src/main.o
                0x0000000008001d04                HAL_ADC_ConvCpltCallback
 .text.HAL_UART_RxCpltCallback
                0x0000000008001d5c       0x14 ./Core/Src/main.o
                0x0000000008001d5c                HAL_UART_RxCpltCallback
 .text.Error_Handler
                0x0000000008001d70        0x4 ./Core/Src/main.o
                0x0000000008001d70                Error_Handler
 .text.HAL_MspInit
                0x0000000008001d74       0x44 ./Core/Src/stm32f1xx_hal_msp.o
                0x0000000008001d74                HAL_MspInit
 .text.HAL_ADC_MspInit
                0x0000000008001db8       0xe4 ./Core/Src/stm32f1xx_hal_msp.o
                0x0000000008001db8                HAL_ADC_MspInit
 .text.HAL_I2C_MspInit
                0x0000000008001e9c       0x78 ./Core/Src/stm32f1xx_hal_msp.o
                0x0000000008001e9c                HAL_I2C_MspInit
 .text.HAL_TIM_Base_MspInit
                0x0000000008001f14       0xa0 ./Core/Src/stm32f1xx_hal_msp.o
                0x0000000008001f14                HAL_TIM_Base_MspInit
 .text.HAL_TIM_MspPostInit
                0x0000000008001fb4       0x80 ./Core/Src/stm32f1xx_hal_msp.o
                0x0000000008001fb4                HAL_TIM_MspPostInit
 .text.HAL_UART_MspInit
                0x0000000008002034       0x98 ./Core/Src/stm32f1xx_hal_msp.o
                0x0000000008002034                HAL_UART_MspInit
 .text.NMI_Handler
                0x00000000080020cc        0x4 ./Core/Src/stm32f1xx_it.o
                0x00000000080020cc                NMI_Handler
 .text.HardFault_Handler
                0x00000000080020d0        0x4 ./Core/Src/stm32f1xx_it.o
                0x00000000080020d0                HardFault_Handler
 .text.MemManage_Handler
                0x00000000080020d4        0x4 ./Core/Src/stm32f1xx_it.o
                0x00000000080020d4                MemManage_Handler
 .text.BusFault_Handler
                0x00000000080020d8        0x4 ./Core/Src/stm32f1xx_it.o
                0x00000000080020d8                BusFault_Handler
 .text.UsageFault_Handler
                0x00000000080020dc        0x4 ./Core/Src/stm32f1xx_it.o
                0x00000000080020dc                UsageFault_Handler
 .text.SVC_Handler
                0x00000000080020e0        0x4 ./Core/Src/stm32f1xx_it.o
                0x00000000080020e0                SVC_Handler
 .text.DebugMon_Handler
                0x00000000080020e4        0x4 ./Core/Src/stm32f1xx_it.o
                0x00000000080020e4                DebugMon_Handler
 .text.PendSV_Handler
                0x00000000080020e8        0x4 ./Core/Src/stm32f1xx_it.o
                0x00000000080020e8                PendSV_Handler
 .text.SysTick_Handler
                0x00000000080020ec       0x1c ./Core/Src/stm32f1xx_it.o
                0x00000000080020ec                SysTick_Handler
 .text.DMA1_Channel1_IRQHandler
                0x0000000008002108        0xc ./Core/Src/stm32f1xx_it.o
                0x0000000008002108                DMA1_Channel1_IRQHandler
 .text.TIM1_UP_IRQHandler
                0x0000000008002114       0x14 ./Core/Src/stm32f1xx_it.o
                0x0000000008002114                TIM1_UP_IRQHandler
 .text.TIM2_IRQHandler
                0x0000000008002128       0x14 ./Core/Src/stm32f1xx_it.o
                0x0000000008002128                TIM2_IRQHandler
 .text.USART1_IRQHandler
                0x000000000800213c        0xc ./Core/Src/stm32f1xx_it.o
                0x000000000800213c                USART1_IRQHandler
 .text._sbrk    0x0000000008002148       0x48 ./Core/Src/sysmem.o
                0x0000000008002148                _sbrk
 .text.SystemInit
                0x0000000008002190        0x4 ./Core/Src/system_stm32f1xx.o
                0x0000000008002190                SystemInit
 .text.Reset_Handler
                0x0000000008002194       0x48 ./Core/Startup/startup_stm32f103c6tx.o
                0x0000000008002194                Reset_Handler
 .text.Default_Handler
                0x00000000080021dc        0x2 ./Core/Startup/startup_stm32f103c6tx.o
                0x00000000080021dc                RTC_Alarm_IRQHandler
                0x00000000080021dc                EXTI2_IRQHandler
                0x00000000080021dc                TIM1_CC_IRQHandler
                0x00000000080021dc                PVD_IRQHandler
                0x00000000080021dc                EXTI3_IRQHandler
                0x00000000080021dc                EXTI0_IRQHandler
                0x00000000080021dc                ADC1_2_IRQHandler
                0x00000000080021dc                SPI1_IRQHandler
                0x00000000080021dc                TAMPER_IRQHandler
                0x00000000080021dc                DMA1_Channel4_IRQHandler
                0x00000000080021dc                RTC_IRQHandler
                0x00000000080021dc                DMA1_Channel7_IRQHandler
                0x00000000080021dc                CAN1_RX1_IRQHandler
                0x00000000080021dc                I2C1_EV_IRQHandler
                0x00000000080021dc                DMA1_Channel6_IRQHandler
                0x00000000080021dc                TIM3_IRQHandler
                0x00000000080021dc                RCC_IRQHandler
                0x00000000080021dc                TIM1_TRG_COM_IRQHandler
                0x00000000080021dc                Default_Handler
                0x00000000080021dc                EXTI15_10_IRQHandler
                0x00000000080021dc                EXTI9_5_IRQHandler
                0x00000000080021dc                DMA1_Channel5_IRQHandler
                0x00000000080021dc                EXTI4_IRQHandler
                0x00000000080021dc                USB_LP_CAN1_RX0_IRQHandler
                0x00000000080021dc                USB_HP_CAN1_TX_IRQHandler
                0x00000000080021dc                DMA1_Channel3_IRQHandler
                0x00000000080021dc                WWDG_IRQHandler
                0x00000000080021dc                TIM1_BRK_IRQHandler
                0x00000000080021dc                EXTI1_IRQHandler
                0x00000000080021dc                USART2_IRQHandler
                0x00000000080021dc                DMA1_Channel2_IRQHandler
                0x00000000080021dc                CAN1_SCE_IRQHandler
                0x00000000080021dc                FLASH_IRQHandler
                0x00000000080021dc                I2C1_ER_IRQHandler
                0x00000000080021dc                USBWakeUp_IRQHandler
 *fill*         0x00000000080021de        0x2 
 .text.HAL_InitTick
                0x00000000080021e0       0x48 ./Drivers/STM32F1xx_HAL_Driver/Src/stm32f1xx_hal.o
                0x00000000080021e0                HAL_InitTick
 .text.HAL_Init
                0x0000000008002228       0x24 ./Drivers/STM32F1xx_HAL_Driver/Src/stm32f1xx_hal.o
                0x0000000008002228                HAL_Init
 .text.HAL_IncTick
                0x000000000800224c       0x18 ./Drivers/STM32F1xx_HAL_Driver/Src/stm32f1xx_hal.o
                0x000000000800224c                HAL_IncTick
 .text.HAL_GetTick
                0x0000000008002264        0xc ./Drivers/STM32F1xx_HAL_Driver/Src/stm32f1xx_hal.o
                0x0000000008002264                HAL_GetTick
 .text.HAL_Delay
                0x0000000008002270       0x24 ./Drivers/STM32F1xx_HAL_Driver/Src/stm32f1xx_hal.o
                0x0000000008002270                HAL_Delay
 .text.HAL_ADC_Init
                0x0000000008002294      0x180 ./Drivers/STM32F1xx_HAL_Driver/Src/stm32f1xx_hal_adc.o
                0x0000000008002294                HAL_ADC_Init
 .text.ADC_DMAConvCplt
                0x0000000008002414       0x50 ./Drivers/STM32F1xx_HAL_Driver/Src/stm32f1xx_hal_adc.o
                0x0000000008002414                ADC_DMAConvCplt
 .text.HAL_ADC_ConvHalfCpltCallback
                0x0000000008002464        0x4 ./Drivers/STM32F1xx_HAL_Driver/Src/stm32f1xx_hal_adc.o
                0x0000000008002464                HAL_ADC_ConvHalfCpltCallback
 .text.ADC_DMAHalfConvCplt
                0x0000000008002468        0xc ./Drivers/STM32F1xx_HAL_Driver/Src/stm32f1xx_hal_adc.o
                0x0000000008002468                ADC_DMAHalfConvCplt
 .text.HAL_ADC_ErrorCallback
                0x0000000008002474        0x4 ./Drivers/STM32F1xx_HAL_Driver/Src/stm32f1xx_hal_adc.o
                0x0000000008002474                HAL_ADC_ErrorCallback
 .text.ADC_DMAError
                0x0000000008002478       0x1c ./Drivers/STM32F1xx_HAL_Driver/Src/stm32f1xx_hal_adc.o
                0x0000000008002478                ADC_DMAError
 .text.HAL_ADC_ConfigChannel
                0x0000000008002494      0x134 ./Drivers/STM32F1xx_HAL_Driver/Src/stm32f1xx_hal_adc.o
                0x0000000008002494                HAL_ADC_ConfigChannel
 .text.ADC_Enable
                0x00000000080025c8       0x88 ./Drivers/STM32F1xx_HAL_Driver/Src/stm32f1xx_hal_adc.o
                0x00000000080025c8                ADC_Enable
 .text.HAL_ADC_Start
                0x0000000008002650       0xcc ./Drivers/STM32F1xx_HAL_Driver/Src/stm32f1xx_hal_adc.o
                0x0000000008002650                HAL_ADC_Start
 .text.HAL_ADCEx_MultiModeStart_DMA
                0x000000000800271c      0x110 ./Drivers/STM32F1xx_HAL_Driver/Src/stm32f1xx_hal_adc_ex.o
                0x000000000800271c                HAL_ADCEx_MultiModeStart_DMA
 .text.HAL_ADCEx_MultiModeConfigChannel
                0x000000000800282c       0x6c ./Drivers/STM32F1xx_HAL_Driver/Src/stm32f1xx_hal_adc_ex.o
                0x000000000800282c                HAL_ADCEx_MultiModeConfigChannel
 .text.HAL_NVIC_SetPriorityGrouping
                0x0000000008002898       0x24 ./Drivers/STM32F1xx_HAL_Driver/Src/stm32f1xx_hal_cortex.o
                0x0000000008002898                HAL_NVIC_SetPriorityGrouping
 .text.HAL_NVIC_SetPriority
                0x00000000080028bc       0x7c ./Drivers/STM32F1xx_HAL_Driver/Src/stm32f1xx_hal_cortex.o
                0x00000000080028bc                HAL_NVIC_SetPriority
 .text.HAL_NVIC_EnableIRQ
                0x0000000008002938       0x1c ./Drivers/STM32F1xx_HAL_Driver/Src/stm32f1xx_hal_cortex.o
                0x0000000008002938                HAL_NVIC_EnableIRQ
 .text.HAL_SYSTICK_Config
                0x0000000008002954       0x30 ./Drivers/STM32F1xx_HAL_Driver/Src/stm32f1xx_hal_cortex.o
                0x0000000008002954                HAL_SYSTICK_Config
 .text.HAL_DMA_Init
                0x0000000008002984       0x70 ./Drivers/STM32F1xx_HAL_Driver/Src/stm32f1xx_hal_dma.o
                0x0000000008002984                HAL_DMA_Init
 .text.HAL_DMA_Start_IT
                0x00000000080029f4       0x90 ./Drivers/STM32F1xx_HAL_Driver/Src/stm32f1xx_hal_dma.o
                0x00000000080029f4                HAL_DMA_Start_IT
 .text.HAL_DMA_Abort
                0x0000000008002a84       0x48 ./Drivers/STM32F1xx_HAL_Driver/Src/stm32f1xx_hal_dma.o
                0x0000000008002a84                HAL_DMA_Abort
 .text.HAL_DMA_Abort_IT
                0x0000000008002acc       0x98 ./Drivers/STM32F1xx_HAL_Driver/Src/stm32f1xx_hal_dma.o
                0x0000000008002acc                HAL_DMA_Abort_IT
 .text.HAL_DMA_IRQHandler
                0x0000000008002b64      0x12c ./Drivers/STM32F1xx_HAL_Driver/Src/stm32f1xx_hal_dma.o
                0x0000000008002b64                HAL_DMA_IRQHandler
 .text.HAL_GPIO_Init
                0x0000000008002c90      0x200 ./Drivers/STM32F1xx_HAL_Driver/Src/stm32f1xx_hal_gpio.o
                0x0000000008002c90                HAL_GPIO_Init
 .text.HAL_GPIO_ReadPin
                0x0000000008002e90        0xc ./Drivers/STM32F1xx_HAL_Driver/Src/stm32f1xx_hal_gpio.o
                0x0000000008002e90                HAL_GPIO_ReadPin
 .text.HAL_GPIO_WritePin
                0x0000000008002e9c        0x8 ./Drivers/STM32F1xx_HAL_Driver/Src/stm32f1xx_hal_gpio.o
                0x0000000008002e9c                HAL_GPIO_WritePin
 .text.HAL_GPIO_TogglePin
                0x0000000008002ea4       0x14 ./Drivers/STM32F1xx_HAL_Driver/Src/stm32f1xx_hal_gpio.o
                0x0000000008002ea4                HAL_GPIO_TogglePin
 .text.I2C_WaitOnMasterAddressFlagUntilTimeout.constprop.0
                0x0000000008002eb8       0x94 ./Drivers/STM32F1xx_HAL_Driver/Src/stm32f1xx_hal_i2c.o
 .text.I2C_RequestMemoryWrite
                0x0000000008002f4c      0x1d8 ./Drivers/STM32F1xx_HAL_Driver/Src/stm32f1xx_hal_i2c.o
 .text.I2C_RequestMemoryRead
                0x0000000008003124      0x230 ./Drivers/STM32F1xx_HAL_Driver/Src/stm32f1xx_hal_i2c.o
 .text.HAL_I2C_Init
                0x0000000008003354      0x18c ./Drivers/STM32F1xx_HAL_Driver/Src/stm32f1xx_hal_i2c.o
                0x0000000008003354                HAL_I2C_Init
 .text.HAL_I2C_Mem_Write
                0x00000000080034e0      0x248 ./Drivers/STM32F1xx_HAL_Driver/Src/stm32f1xx_hal_i2c.o
                0x00000000080034e0                HAL_I2C_Mem_Write
 .text.HAL_I2C_Mem_Read
                0x0000000008003728      0x3e4 ./Drivers/STM32F1xx_HAL_Driver/Src/stm32f1xx_hal_i2c.o
                0x0000000008003728                HAL_I2C_Mem_Read
 .text.HAL_RCC_OscConfig
                0x0000000008003b0c      0x3e0 ./Drivers/STM32F1xx_HAL_Driver/Src/stm32f1xx_hal_rcc.o
                0x0000000008003b0c                HAL_RCC_OscConfig
 .text.HAL_RCC_ClockConfig
                0x0000000008003eec      0x184 ./Drivers/STM32F1xx_HAL_Driver/Src/stm32f1xx_hal_rcc.o
                0x0000000008003eec                HAL_RCC_ClockConfig
 .text.HAL_RCC_GetPCLK1Freq
                0x0000000008004070       0x20 ./Drivers/STM32F1xx_HAL_Driver/Src/stm32f1xx_hal_rcc.o
                0x0000000008004070                HAL_RCC_GetPCLK1Freq
 .text.HAL_RCC_GetPCLK2Freq
                0x0000000008004090       0x20 ./Drivers/STM32F1xx_HAL_Driver/Src/stm32f1xx_hal_rcc.o
                0x0000000008004090                HAL_RCC_GetPCLK2Freq
 .text.HAL_RCCEx_PeriphCLKConfig
                0x00000000080040b0      0x104 ./Drivers/STM32F1xx_HAL_Driver/Src/stm32f1xx_hal_rcc_ex.o
                0x00000000080040b0                HAL_RCCEx_PeriphCLKConfig
 .text.HAL_TIM_Base_Init
                0x00000000080041b4       0xd4 ./Drivers/STM32F1xx_HAL_Driver/Src/stm32f1xx_hal_tim.o
                0x00000000080041b4                HAL_TIM_Base_Init
 .text.HAL_TIM_Base_Start_IT
                0x0000000008004288       0x50 ./Drivers/STM32F1xx_HAL_Driver/Src/stm32f1xx_hal_tim.o
                0x0000000008004288                HAL_TIM_Base_Start_IT
 .text.HAL_TIM_PWM_MspInit
                0x00000000080042d8        0x4 ./Drivers/STM32F1xx_HAL_Driver/Src/stm32f1xx_hal_tim.o
                0x00000000080042d8                HAL_TIM_PWM_MspInit
 .text.HAL_TIM_PWM_Init
                0x00000000080042dc       0xd4 ./Drivers/STM32F1xx_HAL_Driver/Src/stm32f1xx_hal_tim.o
                0x00000000080042dc                HAL_TIM_PWM_Init
 .text.HAL_TIM_PWM_Start
                0x00000000080043b0       0xb0 ./Drivers/STM32F1xx_HAL_Driver/Src/stm32f1xx_hal_tim.o
                0x00000000080043b0                HAL_TIM_PWM_Start
 .text.HAL_TIM_PWM_ConfigChannel
                0x0000000008004460      0x200 ./Drivers/STM32F1xx_HAL_Driver/Src/stm32f1xx_hal_tim.o
                0x0000000008004460                HAL_TIM_PWM_ConfigChannel
 .text.HAL_TIM_ConfigClockSource
                0x0000000008004660      0x160 ./Drivers/STM32F1xx_HAL_Driver/Src/stm32f1xx_hal_tim.o
                0x0000000008004660                HAL_TIM_ConfigClockSource
 .text.HAL_TIM_SlaveConfigSynchro
                0x00000000080047c0      0x110 ./Drivers/STM32F1xx_HAL_Driver/Src/stm32f1xx_hal_tim.o
                0x00000000080047c0                HAL_TIM_SlaveConfigSynchro
 .text.HAL_TIM_PeriodElapsedCallback
                0x00000000080048d0        0x4 ./Drivers/STM32F1xx_HAL_Driver/Src/stm32f1xx_hal_tim.o
                0x00000000080048d0                HAL_TIM_PeriodElapsedCallback
 .text.HAL_TIM_OC_DelayElapsedCallback
                0x00000000080048d4        0x4 ./Drivers/STM32F1xx_HAL_Driver/Src/stm32f1xx_hal_tim.o
                0x00000000080048d4                HAL_TIM_OC_DelayElapsedCallback
 .text.HAL_TIM_IC_CaptureCallback
                0x00000000080048d8        0x4 ./Drivers/STM32F1xx_HAL_Driver/Src/stm32f1xx_hal_tim.o
                0x00000000080048d8                HAL_TIM_IC_CaptureCallback
 .text.HAL_TIM_PWM_PulseFinishedCallback
                0x00000000080048dc        0x4 ./Drivers/STM32F1xx_HAL_Driver/Src/stm32f1xx_hal_tim.o
                0x00000000080048dc                HAL_TIM_PWM_PulseFinishedCallback
 .text.HAL_TIM_TriggerCallback
                0x00000000080048e0        0x4 ./Drivers/STM32F1xx_HAL_Driver/Src/stm32f1xx_hal_tim.o
                0x00000000080048e0                HAL_TIM_TriggerCallback
 .text.HAL_TIM_IRQHandler
                0x00000000080048e4      0x154 ./Drivers/STM32F1xx_HAL_Driver/Src/stm32f1xx_hal_tim.o
                0x00000000080048e4                HAL_TIM_IRQHandler
 .text.HAL_TIMEx_PWMN_Start
                0x0000000008004a38       0xa8 ./Drivers/STM32F1xx_HAL_Driver/Src/stm32f1xx_hal_tim_ex.o
                0x0000000008004a38                HAL_TIMEx_PWMN_Start
 .text.HAL_TIMEx_MasterConfigSynchronization
                0x0000000008004ae0       0x5c ./Drivers/STM32F1xx_HAL_Driver/Src/stm32f1xx_hal_tim_ex.o
                0x0000000008004ae0                HAL_TIMEx_MasterConfigSynchronization
 .text.HAL_TIMEx_ConfigBreakDeadTime
                0x0000000008004b3c       0x54 ./Drivers/STM32F1xx_HAL_Driver/Src/stm32f1xx_hal_tim_ex.o
                0x0000000008004b3c                HAL_TIMEx_ConfigBreakDeadTime
 .text.HAL_TIMEx_CommutCallback
                0x0000000008004b90        0x4 ./Drivers/STM32F1xx_HAL_Driver/Src/stm32f1xx_hal_tim_ex.o
                0x0000000008004b90                HAL_TIMEx_CommutCallback
 .text.HAL_TIMEx_BreakCallback
                0x0000000008004b94        0x4 ./Drivers/STM32F1xx_HAL_Driver/Src/stm32f1xx_hal_tim_ex.o
                0x0000000008004b94                HAL_TIMEx_BreakCallback
 .text.HAL_UART_Init
                0x0000000008004b98       0xdc ./Drivers/STM32F1xx_HAL_Driver/Src/stm32f1xx_hal_uart.o
                0x0000000008004b98                HAL_UART_Init
 .text.HAL_UART_Transmit
                0x0000000008004c74      0x144 ./Drivers/STM32F1xx_HAL_Driver/Src/stm32f1xx_hal_uart.o
                0x0000000008004c74                HAL_UART_Transmit
 .text.HAL_UART_Receive_IT
                0x0000000008004db8       0x4c ./Drivers/STM32F1xx_HAL_Driver/Src/stm32f1xx_hal_uart.o
                0x0000000008004db8                HAL_UART_Receive_IT
 .text.HAL_UART_TxCpltCallback
                0x0000000008004e04        0x4 ./Drivers/STM32F1xx_HAL_Driver/Src/stm32f1xx_hal_uart.o
                0x0000000008004e04                HAL_UART_TxCpltCallback
 .text.HAL_UART_ErrorCallback
                0x0000000008004e08        0x4 ./Drivers/STM32F1xx_HAL_Driver/Src/stm32f1xx_hal_uart.o
                0x0000000008004e08                HAL_UART_ErrorCallback
 .text.UART_DMAAbortOnError
                0x0000000008004e0c       0x10 ./Drivers/STM32F1xx_HAL_Driver/Src/stm32f1xx_hal_uart.o
 .text.HAL_UARTEx_RxEventCallback
                0x0000000008004e1c        0x4 ./Drivers/STM32F1xx_HAL_Driver/Src/stm32f1xx_hal_uart.o
                0x0000000008004e1c                HAL_UARTEx_RxEventCallback
 .text.UART_Receive_IT.part.0.isra.0
                0x0000000008004e20       0xcc ./Drivers/STM32F1xx_HAL_Driver/Src/stm32f1xx_hal_uart.o
 .text.HAL_UART_IRQHandler
                0x0000000008004eec      0x31c ./Drivers/STM32F1xx_HAL_Driver/Src/stm32f1xx_hal_uart.o
                0x0000000008004eec                HAL_UART_IRQHandler
 .text._vsprintf_r
                0x0000000008005208       0x2c C:/ST/STM32CubeIDE_1.13.0/STM32CubeIDE/plugins/com.st.stm32cube.ide.mcu.externaltools.gnu-tools-for-stm32.11.3.rel1.win32_1.1.0.202305231506/tools/bin/../lib/gcc/arm-none-eabi/11.3.1/../../../../arm-none-eabi/lib/thumb/v7-m/nofp\libc_nano.a(libc_a-vsprintf.o)
                0x0000000008005208                _vsprintf_r
                0x0000000008005208                _vsiprintf_r
 .text.vsprintf
                0x0000000008005234       0x14 C:/ST/STM32CubeIDE_1.13.0/STM32CubeIDE/plugins/com.st.stm32cube.ide.mcu.externaltools.gnu-tools-for-stm32.11.3.rel1.win32_1.1.0.202305231506/tools/bin/../lib/gcc/arm-none-eabi/11.3.1/../../../../arm-none-eabi/lib/thumb/v7-m/nofp\libc_nano.a(libc_a-vsprintf.o)
                0x0000000008005234                vsiprintf
                0x0000000008005234                vsprintf
 .text.memset   0x0000000008005248       0x10 C:/ST/STM32CubeIDE_1.13.0/STM32CubeIDE/plugins/com.st.stm32cube.ide.mcu.externaltools.gnu-tools-for-stm32.11.3.rel1.win32_1.1.0.202305231506/tools/bin/../lib/gcc/arm-none-eabi/11.3.1/../../../../arm-none-eabi/lib/thumb/v7-m/nofp\libc_nano.a(libc_a-memset.o)
                0x0000000008005248                memset
 .text.__errno  0x0000000008005258        0xc C:/ST/STM32CubeIDE_1.13.0/STM32CubeIDE/plugins/com.st.stm32cube.ide.mcu.externaltools.gnu-tools-for-stm32.11.3.rel1.win32_1.1.0.202305231506/tools/bin/../lib/gcc/arm-none-eabi/11.3.1/../../../../arm-none-eabi/lib/thumb/v7-m/nofp\libc_nano.a(libc_a-errno.o)
                0x0000000008005258                __errno
 .text.__libc_init_array
                0x0000000008005264       0x48 C:/ST/STM32CubeIDE_1.13.0/STM32CubeIDE/plugins/com.st.stm32cube.ide.mcu.externaltools.gnu-tools-for-stm32.11.3.rel1.win32_1.1.0.202305231506/tools/bin/../lib/gcc/arm-none-eabi/11.3.1/../../../../arm-none-eabi/lib/thumb/v7-m/nofp\libc_nano.a(libc_a-init.o)
                0x0000000008005264                __libc_init_array
 .text.__retarget_lock_acquire_recursive
                0x00000000080052ac        0x2 C:/ST/STM32CubeIDE_1.13.0/STM32CubeIDE/plugins/com.st.stm32cube.ide.mcu.externaltools.gnu-tools-for-stm32.11.3.rel1.win32_1.1.0.202305231506/tools/bin/../lib/gcc/arm-none-eabi/11.3.1/../../../../arm-none-eabi/lib/thumb/v7-m/nofp\libc_nano.a(libc_a-lock.o)
                0x00000000080052ac                __retarget_lock_acquire_recursive
 .text.__retarget_lock_release_recursive
                0x00000000080052ae        0x2 C:/ST/STM32CubeIDE_1.13.0/STM32CubeIDE/plugins/com.st.stm32cube.ide.mcu.externaltools.gnu-tools-for-stm32.11.3.rel1.win32_1.1.0.202305231506/tools/bin/../lib/gcc/arm-none-eabi/11.3.1/../../../../arm-none-eabi/lib/thumb/v7-m/nofp\libc_nano.a(libc_a-lock.o)
                0x00000000080052ae                __retarget_lock_release_recursive
 .text._free_r  0x00000000080052b0       0x90 C:/ST/STM32CubeIDE_1.13.0/STM32CubeIDE/plugins/com.st.stm32cube.ide.mcu.externaltools.gnu-tools-for-stm32.11.3.rel1.win32_1.1.0.202305231506/tools/bin/../lib/gcc/arm-none-eabi/11.3.1/../../../../arm-none-eabi/lib/thumb/v7-m/nofp\libc_nano.a(libc_a-freer.o)
                0x00000000080052b0                _free_r
 .text.sbrk_aligned
                0x0000000008005340       0x40 C:/ST/STM32CubeIDE_1.13.0/STM32CubeIDE/plugins/com.st.stm32cube.ide.mcu.externaltools.gnu-tools-for-stm32.11.3.rel1.win32_1.1.0.202305231506/tools/bin/../lib/gcc/arm-none-eabi/11.3.1/../../../../arm-none-eabi/lib/thumb/v7-m/nofp\libc_nano.a(libc_a-mallocr.o)
 .text._malloc_r
                0x0000000008005380      0x100 C:/ST/STM32CubeIDE_1.13.0/STM32CubeIDE/plugins/com.st.stm32cube.ide.mcu.externaltools.gnu-tools-for-stm32.11.3.rel1.win32_1.1.0.202305231506/tools/bin/../lib/gcc/arm-none-eabi/11.3.1/../../../../arm-none-eabi/lib/thumb/v7-m/nofp\libc_nano.a(libc_a-mallocr.o)
                0x0000000008005380                _malloc_r
 .text.__malloc_lock
                0x0000000008005480        0xc C:/ST/STM32CubeIDE_1.13.0/STM32CubeIDE/plugins/com.st.stm32cube.ide.mcu.externaltools.gnu-tools-for-stm32.11.3.rel1.win32_1.1.0.202305231506/tools/bin/../lib/gcc/arm-none-eabi/11.3.1/../../../../arm-none-eabi/lib/thumb/v7-m/nofp\libc_nano.a(libc_a-mlock.o)
                0x0000000008005480                __malloc_lock
 .text.__malloc_unlock
                0x000000000800548c        0xc C:/ST/STM32CubeIDE_1.13.0/STM32CubeIDE/plugins/com.st.stm32cube.ide.mcu.externaltools.gnu-tools-for-stm32.11.3.rel1.win32_1.1.0.202305231506/tools/bin/../lib/gcc/arm-none-eabi/11.3.1/../../../../arm-none-eabi/lib/thumb/v7-m/nofp\libc_nano.a(libc_a-mlock.o)
                0x000000000800548c                __malloc_unlock
 .text.__ssputs_r
                0x0000000008005498       0xb4 C:/ST/STM32CubeIDE_1.13.0/STM32CubeIDE/plugins/com.st.stm32cube.ide.mcu.externaltools.gnu-tools-for-stm32.11.3.rel1.win32_1.1.0.202305231506/tools/bin/../lib/gcc/arm-none-eabi/11.3.1/../../../../arm-none-eabi/lib/thumb/v7-m/nofp\libc_nano.a(libc_a-nano-svfprintf.o)
                0x0000000008005498                __ssputs_r
 .text._svfprintf_r
                0x000000000800554c      0x1fc C:/ST/STM32CubeIDE_1.13.0/STM32CubeIDE/plugins/com.st.stm32cube.ide.mcu.externaltools.gnu-tools-for-stm32.11.3.rel1.win32_1.1.0.202305231506/tools/bin/../lib/gcc/arm-none-eabi/11.3.1/../../../../arm-none-eabi/lib/thumb/v7-m/nofp\libc_nano.a(libc_a-nano-svfprintf.o)
                0x000000000800554c                _svfiprintf_r
                0x000000000800554c                _svfprintf_r
 .text._printf_common
                0x0000000008005748       0xe4 C:/ST/STM32CubeIDE_1.13.0/STM32CubeIDE/plugins/com.st.stm32cube.ide.mcu.externaltools.gnu-tools-for-stm32.11.3.rel1.win32_1.1.0.202305231506/tools/bin/../lib/gcc/arm-none-eabi/11.3.1/../../../../arm-none-eabi/lib/thumb/v7-m/nofp\libc_nano.a(libc_a-nano-vfprintf_i.o)
                0x0000000008005748                _printf_common
 .text._printf_i
                0x000000000800582c      0x244 C:/ST/STM32CubeIDE_1.13.0/STM32CubeIDE/plugins/com.st.stm32cube.ide.mcu.externaltools.gnu-tools-for-stm32.11.3.rel1.win32_1.1.0.202305231506/tools/bin/../lib/gcc/arm-none-eabi/11.3.1/../../../../arm-none-eabi/lib/thumb/v7-m/nofp\libc_nano.a(libc_a-nano-vfprintf_i.o)
                0x000000000800582c                _printf_i
 .text.memmove  0x0000000008005a70       0x34 C:/ST/STM32CubeIDE_1.13.0/STM32CubeIDE/plugins/com.st.stm32cube.ide.mcu.externaltools.gnu-tools-for-stm32.11.3.rel1.win32_1.1.0.202305231506/tools/bin/../lib/gcc/arm-none-eabi/11.3.1/../../../../arm-none-eabi/lib/thumb/v7-m/nofp\libc_nano.a(libc_a-memmove.o)
                0x0000000008005a70                memmove
 .text._sbrk_r  0x0000000008005aa4       0x20 C:/ST/STM32CubeIDE_1.13.0/STM32CubeIDE/plugins/com.st.stm32cube.ide.mcu.externaltools.gnu-tools-for-stm32.11.3.rel1.win32_1.1.0.202305231506/tools/bin/../lib/gcc/arm-none-eabi/11.3.1/../../../../arm-none-eabi/lib/thumb/v7-m/nofp\libc_nano.a(libc_a-sbrkr.o)
                0x0000000008005aa4                _sbrk_r
 .text.memchr   0x0000000008005ac4       0x1c C:/ST/STM32CubeIDE_1.13.0/STM32CubeIDE/plugins/com.st.stm32cube.ide.mcu.externaltools.gnu-tools-for-stm32.11.3.rel1.win32_1.1.0.202305231506/tools/bin/../lib/gcc/arm-none-eabi/11.3.1/../../../../arm-none-eabi/lib/thumb/v7-m/nofp\libc_nano.a(libc_a-memchr-stub.o)
                0x0000000008005ac4                memchr
 .text.memcpy   0x0000000008005ae0       0x1c C:/ST/STM32CubeIDE_1.13.0/STM32CubeIDE/plugins/com.st.stm32cube.ide.mcu.externaltools.gnu-tools-for-stm32.11.3.rel1.win32_1.1.0.202305231506/tools/bin/../lib/gcc/arm-none-eabi/11.3.1/../../../../arm-none-eabi/lib/thumb/v7-m/nofp\libc_nano.a(libc_a-memcpy-stub.o)
                0x0000000008005ae0                memcpy
 .text._realloc_r
                0x0000000008005afc       0x5e C:/ST/STM32CubeIDE_1.13.0/STM32CubeIDE/plugins/com.st.stm32cube.ide.mcu.externaltools.gnu-tools-for-stm32.11.3.rel1.win32_1.1.0.202305231506/tools/bin/../lib/gcc/arm-none-eabi/11.3.1/../../../../arm-none-eabi/lib/thumb/v7-m/nofp\libc_nano.a(libc_a-reallocr.o)
                0x0000000008005afc                _realloc_r
 .text._malloc_usable_size_r
                0x0000000008005b5a       0x10 C:/ST/STM32CubeIDE_1.13.0/STM32CubeIDE/plugins/com.st.stm32cube.ide.mcu.externaltools.gnu-tools-for-stm32.11.3.rel1.win32_1.1.0.202305231506/tools/bin/../lib/gcc/arm-none-eabi/11.3.1/../../../../arm-none-eabi/lib/thumb/v7-m/nofp\libc_nano.a(libc_a-msizer.o)
                0x0000000008005b5a                _malloc_usable_size_r
 *(.glue_7)
 .glue_7        0x0000000008005b6a        0x0 linker stubs
 *(.glue_7t)
 .glue_7t       0x0000000008005b6a        0x0 linker stubs
 *(.eh_frame)
 *fill*         0x0000000008005b6a        0x2 
 .eh_frame      0x0000000008005b6c        0x0 C:/ST/STM32CubeIDE_1.13.0/STM32CubeIDE/plugins/com.st.stm32cube.ide.mcu.externaltools.gnu-tools-for-stm32.11.3.rel1.win32_1.1.0.202305231506/tools/bin/../lib/gcc/arm-none-eabi/11.3.1/thumb/v7-m/nofp/crtbegin.o
 *(.init)
 .init          0x0000000008005b6c        0x4 C:/ST/STM32CubeIDE_1.13.0/STM32CubeIDE/plugins/com.st.stm32cube.ide.mcu.externaltools.gnu-tools-for-stm32.11.3.rel1.win32_1.1.0.202305231506/tools/bin/../lib/gcc/arm-none-eabi/11.3.1/thumb/v7-m/nofp/crti.o
                0x0000000008005b6c                _init
 .init          0x0000000008005b70        0x8 C:/ST/STM32CubeIDE_1.13.0/STM32CubeIDE/plugins/com.st.stm32cube.ide.mcu.externaltools.gnu-tools-for-stm32.11.3.rel1.win32_1.1.0.202305231506/tools/bin/../lib/gcc/arm-none-eabi/11.3.1/thumb/v7-m/nofp/crtn.o
 *(.fini)
 .fini          0x0000000008005b78        0x4 C:/ST/STM32CubeIDE_1.13.0/STM32CubeIDE/plugins/com.st.stm32cube.ide.mcu.externaltools.gnu-tools-for-stm32.11.3.rel1.win32_1.1.0.202305231506/tools/bin/../lib/gcc/arm-none-eabi/11.3.1/thumb/v7-m/nofp/crti.o
                0x0000000008005b78                _fini
 .fini          0x0000000008005b7c        0x8 C:/ST/STM32CubeIDE_1.13.0/STM32CubeIDE/plugins/com.st.stm32cube.ide.mcu.externaltools.gnu-tools-for-stm32.11.3.rel1.win32_1.1.0.202305231506/tools/bin/../lib/gcc/arm-none-eabi/11.3.1/thumb/v7-m/nofp/crtn.o
                0x0000000008005b84                . = ALIGN (0x4)
                0x0000000008005b84                _etext = .

.vfp11_veneer   0x0000000008005b84        0x0
 .vfp11_veneer  0x0000000008005b84        0x0 linker stubs

.v4_bx          0x0000000008005b84        0x0
 .v4_bx         0x0000000008005b84        0x0 linker stubs

.iplt           0x0000000008005b84        0x0
 .iplt          0x0000000008005b84        0x0 C:/ST/STM32CubeIDE_1.13.0/STM32CubeIDE/plugins/com.st.stm32cube.ide.mcu.externaltools.gnu-tools-for-stm32.11.3.rel1.win32_1.1.0.202305231506/tools/bin/../lib/gcc/arm-none-eabi/11.3.1/thumb/v7-m/nofp/crtbegin.o

.rodata         0x0000000008005b84      0x234
                0x0000000008005b84                . = ALIGN (0x4)
 *(.rodata)
 *(.rodata*)
 .rodata.execDISP.str1.4
                0x0000000008005b84       0x69 ./Core/Src/main.o
 *fill*         0x0000000008005bed        0x3 
 .rodata.main.str1.4
                0x0000000008005bf0       0x25 ./Core/Src/main.o
 *fill*         0x0000000008005c15        0x3 
 .rodata.sinTable_160
                0x0000000008005c18      0x140 ./Core/Src/main.o
                0x0000000008005c18                sinTable_160
 .rodata.AHBPrescTable
                0x0000000008005d58       0x10 ./Core/Src/system_stm32f1xx.o
                0x0000000008005d58                AHBPrescTable
 .rodata.APBPrescTable
                0x0000000008005d68        0x8 ./Core/Src/system_stm32f1xx.o
                0x0000000008005d68                APBPrescTable
 .rodata.aPLLMULFactorTable.1
                0x0000000008005d70       0x10 ./Drivers/STM32F1xx_HAL_Driver/Src/stm32f1xx_hal_rcc.o
 .rodata.aPredivFactorTable.0
                0x0000000008005d80        0x2 ./Drivers/STM32F1xx_HAL_Driver/Src/stm32f1xx_hal_rcc.o
 .rodata._svfprintf_r.str1.1
                0x0000000008005d82       0x11 C:/ST/STM32CubeIDE_1.13.0/STM32CubeIDE/plugins/com.st.stm32cube.ide.mcu.externaltools.gnu-tools-for-stm32.11.3.rel1.win32_1.1.0.202305231506/tools/bin/../lib/gcc/arm-none-eabi/11.3.1/../../../../arm-none-eabi/lib/thumb/v7-m/nofp\libc_nano.a(libc_a-nano-svfprintf.o)
 .rodata._printf_i.str1.1
                0x0000000008005d93       0x22 C:/ST/STM32CubeIDE_1.13.0/STM32CubeIDE/plugins/com.st.stm32cube.ide.mcu.externaltools.gnu-tools-for-stm32.11.3.rel1.win32_1.1.0.202305231506/tools/bin/../lib/gcc/arm-none-eabi/11.3.1/../../../../arm-none-eabi/lib/thumb/v7-m/nofp\libc_nano.a(libc_a-nano-vfprintf_i.o)
                0x0000000008005db8                . = ALIGN (0x4)
 *fill*         0x0000000008005db5        0x3 

.rel.dyn        0x0000000008005db8        0x0
 .rel.iplt      0x0000000008005db8        0x0 C:/ST/STM32CubeIDE_1.13.0/STM32CubeIDE/plugins/com.st.stm32cube.ide.mcu.externaltools.gnu-tools-for-stm32.11.3.rel1.win32_1.1.0.202305231506/tools/bin/../lib/gcc/arm-none-eabi/11.3.1/thumb/v7-m/nofp/crtbegin.o

.ARM.extab      0x0000000008005db8        0x0
                0x0000000008005db8                . = ALIGN (0x4)
 *(.ARM.extab* .gnu.linkonce.armextab.*)
                0x0000000008005db8                . = ALIGN (0x4)

.ARM            0x0000000008005db8        0x0
                0x0000000008005db8                . = ALIGN (0x4)
                0x0000000008005db8                __exidx_start = .
 *(.ARM.exidx*)
                0x0000000008005db8                __exidx_end = .
                0x0000000008005db8                . = ALIGN (0x4)

.preinit_array  0x0000000008005db8        0x0
                0x0000000008005db8                . = ALIGN (0x4)
                0x0000000008005db8                PROVIDE (__preinit_array_start = .)
 *(.preinit_array*)
                0x0000000008005db8                PROVIDE (__preinit_array_end = .)
                0x0000000008005db8                . = ALIGN (0x4)

.init_array     0x0000000008005db8        0x4
                0x0000000008005db8                . = ALIGN (0x4)
                0x0000000008005db8                PROVIDE (__init_array_start = .)
 *(SORT_BY_NAME(.init_array.*))
 *(.init_array*)
 .init_array    0x0000000008005db8        0x4 C:/ST/STM32CubeIDE_1.13.0/STM32CubeIDE/plugins/com.st.stm32cube.ide.mcu.externaltools.gnu-tools-for-stm32.11.3.rel1.win32_1.1.0.202305231506/tools/bin/../lib/gcc/arm-none-eabi/11.3.1/thumb/v7-m/nofp/crtbegin.o
                0x0000000008005dbc                PROVIDE (__init_array_end = .)
                0x0000000008005dbc                . = ALIGN (0x4)

.fini_array     0x0000000008005dbc        0x4
                0x0000000008005dbc                . = ALIGN (0x4)
                [!provide]                        PROVIDE (__fini_array_start = .)
 *(SORT_BY_NAME(.fini_array.*))
 *(.fini_array*)
 .fini_array    0x0000000008005dbc        0x4 C:/ST/STM32CubeIDE_1.13.0/STM32CubeIDE/plugins/com.st.stm32cube.ide.mcu.externaltools.gnu-tools-for-stm32.11.3.rel1.win32_1.1.0.202305231506/tools/bin/../lib/gcc/arm-none-eabi/11.3.1/thumb/v7-m/nofp/crtbegin.o
                [!provide]                        PROVIDE (__fini_array_end = .)
                0x0000000008005dc0                . = ALIGN (0x4)
                0x0000000008005dc0                _sidata = LOADADDR (.data)

.data           0x0000000020000000       0x78 load address 0x0000000008005dc0
                0x0000000020000000                . = ALIGN (0x4)
                0x0000000020000000                _sdata = .
 *(.data)
 *(.data*)
 .data.ccr1     0x0000000020000000        0x2 ./Core/Src/main.o
                0x0000000020000000                ccr1
 .data.ccr3     0x0000000020000002        0x2 ./Core/Src/main.o
                0x0000000020000002                ccr3
 .data.tx_text_buffer
                0x0000000020000004        0xf ./Core/Src/main.o
                0x0000000020000004                tx_text_buffer
 *fill*         0x0000000020000013        0x1 
 .data.write_buffer
                0x0000000020000014        0x4 ./Core/Src/main.o
                0x0000000020000014                write_buffer
 .data.xsetpoint
                0x0000000020000018        0x4 ./Core/Src/main.o
                0x0000000020000018                xsetpoint
 .data.SystemCoreClock
                0x000000002000001c        0x4 ./Core/Src/system_stm32f1xx.o
                0x000000002000001c                SystemCoreClock
 .data.uwTickFreq
                0x0000000020000020        0x1 ./Drivers/STM32F1xx_HAL_Driver/Src/stm32f1xx_hal.o
                0x0000000020000020                uwTickFreq
 *fill*         0x0000000020000021        0x3 
 .data.uwTickPrio
                0x0000000020000024        0x4 ./Drivers/STM32F1xx_HAL_Driver/Src/stm32f1xx_hal.o
                0x0000000020000024                uwTickPrio
 .data._impure_data
                0x0000000020000028       0x4c C:/ST/STM32CubeIDE_1.13.0/STM32CubeIDE/plugins/com.st.stm32cube.ide.mcu.externaltools.gnu-tools-for-stm32.11.3.rel1.win32_1.1.0.202305231506/tools/bin/../lib/gcc/arm-none-eabi/11.3.1/../../../../arm-none-eabi/lib/thumb/v7-m/nofp\libc_nano.a(libc_a-impure.o)
                0x0000000020000028                _impure_data
 .data._impure_ptr
                0x0000000020000074        0x4 C:/ST/STM32CubeIDE_1.13.0/STM32CubeIDE/plugins/com.st.stm32cube.ide.mcu.externaltools.gnu-tools-for-stm32.11.3.rel1.win32_1.1.0.202305231506/tools/bin/../lib/gcc/arm-none-eabi/11.3.1/../../../../arm-none-eabi/lib/thumb/v7-m/nofp\libc_nano.a(libc_a-impure.o)
                0x0000000020000074                _impure_ptr
 *(.RamFunc)
 *(.RamFunc*)
                0x0000000020000078                . = ALIGN (0x4)
                0x0000000020000078                _edata = .

.igot.plt       0x0000000020000078        0x0 load address 0x0000000008005e38
 .igot.plt      0x0000000020000078        0x0 C:/ST/STM32CubeIDE_1.13.0/STM32CubeIDE/plugins/com.st.stm32cube.ide.mcu.externaltools.gnu-tools-for-stm32.11.3.rel1.win32_1.1.0.202305231506/tools/bin/../lib/gcc/arm-none-eabi/11.3.1/thumb/v7-m/nofp/crtbegin.o
                0x0000000020000078                . = ALIGN (0x4)

.bss            0x0000000020000078      0x448 load address 0x0000000008005e38
                0x0000000020000078                _sbss = .
                0x0000000020000078                __bss_start__ = _sbss
 *(.bss)
 .bss           0x0000000020000078       0x1c C:/ST/STM32CubeIDE_1.13.0/STM32CubeIDE/plugins/com.st.stm32cube.ide.mcu.externaltools.gnu-tools-for-stm32.11.3.rel1.win32_1.1.0.202305231506/tools/bin/../lib/gcc/arm-none-eabi/11.3.1/thumb/v7-m/nofp/crtbegin.o
 *(.bss*)
 .bss.text_buffer.0
                0x0000000020000094       0x20 ./Core/Src/lcd.o
 .bss.CTMax     0x00000000200000b4        0x2 ./Core/Src/main.o
                0x00000000200000b4                CTMax
 .bss.CTMin     0x00000000200000b6        0x2 ./Core/Src/main.o
                0x00000000200000b6                CTMin
 .bss.VoutRange
                0x00000000200000b8        0x2 ./Core/Src/main.o
                0x00000000200000b8                VoutRange
 *fill*         0x00000000200000ba        0x2 
 .bss.VoutT     0x00000000200000bc        0x4 ./Core/Src/main.o
                0x00000000200000bc                VoutT
 .bss.adc1      0x00000000200000c0        0x6 ./Core/Src/main.o
                0x00000000200000c0                adc1
 *fill*         0x00000000200000c6        0x2 
 .bss.adc2      0x00000000200000c8        0x6 ./Core/Src/main.o
                0x00000000200000c8                adc2
 .bss.adcOffset
                0x00000000200000ce        0x2 ./Core/Src/main.o
                0x00000000200000ce                adcOffset
 .bss.adcPair   0x00000000200000d0        0xc ./Core/Src/main.o
                0x00000000200000d0                adcPair
 .bss.adcVRef   0x00000000200000dc        0x2 ./Core/Src/main.o
                0x00000000200000dc                adcVRef
 *fill*         0x00000000200000de        0x2 
 .bss.cnt       0x00000000200000e0       0x12 ./Core/Src/main.o
                0x00000000200000e0                cnt
 .bss.cntTick   0x00000000200000f2        0x2 ./Core/Src/main.o
                0x00000000200000f2                cntTick
 .bss.convCompleted
                0x00000000200000f4        0x1 ./Core/Src/main.o
                0x00000000200000f4                convCompleted
 *fill*         0x00000000200000f5        0x3 
 .bss.count     0x00000000200000f8       0x10 ./Core/Src/main.o
                0x00000000200000f8                count
 .bss.delayTime
                0x0000000020000108        0x4 ./Core/Src/main.o
                0x0000000020000108                delayTime
 .bss.dutyCycle
                0x000000002000010c        0x4 ./Core/Src/main.o
                0x000000002000010c                dutyCycle
 .bss.dutyCyclePrv
                0x0000000020000110        0x4 ./Core/Src/main.o
                0x0000000020000110                dutyCyclePrv
 .bss.dutyCycle_temp
                0x0000000020000114        0x4 ./Core/Src/main.o
                0x0000000020000114                dutyCycle_temp
 .bss.dynamicRef
                0x0000000020000118        0x4 ./Core/Src/main.o
                0x0000000020000118                dynamicRef
 .bss.faultState
                0x000000002000011c        0x1 ./Core/Src/main.o
                0x000000002000011c                faultState
 *fill*         0x000000002000011d        0x3 
 .bss.flag      0x0000000020000120        0x5 ./Core/Src/main.o
                0x0000000020000120                flag
 .bss.flag_Read
                0x0000000020000125        0x1 ./Core/Src/main.o
                0x0000000020000125                flag_Read
 .bss.flag_Write
                0x0000000020000126        0x1 ./Core/Src/main.o
                0x0000000020000126                flag_Write
 .bss.flag_tx   0x0000000020000127        0x1 ./Core/Src/main.o
                0x0000000020000127                flag_tx
 .bss.flag_zeroCross
                0x0000000020000128        0x1 ./Core/Src/main.o
                0x0000000020000128                flag_zeroCross
 *fill*         0x0000000020000129        0x3 
 .bss.flg       0x000000002000012c        0x9 ./Core/Src/main.o
                0x000000002000012c                flg
 *fill*         0x0000000020000135        0x3 
 .bss.hadc1     0x0000000020000138       0x30 ./Core/Src/main.o
                0x0000000020000138                hadc1
 .bss.hadc2     0x0000000020000168       0x30 ./Core/Src/main.o
                0x0000000020000168                hadc2
 .bss.hdma_adc1
                0x0000000020000198       0x44 ./Core/Src/main.o
                0x0000000020000198                hdma_adc1
 .bss.hi2c1     0x00000000200001dc       0x54 ./Core/Src/main.o
                0x00000000200001dc                hi2c1
 .bss.htim1     0x0000000020000230       0x48 ./Core/Src/main.o
                0x0000000020000230                htim1
 .bss.htim2     0x0000000020000278       0x48 ./Core/Src/main.o
                0x0000000020000278                htim2
 .bss.huart1    0x00000000200002c0       0x48 ./Core/Src/main.o
                0x00000000200002c0                huart1
 .bss.indexMenu
                0x0000000020000308        0x1 ./Core/Src/main.o
                0x0000000020000308                indexMenu
 .bss.indexValue
                0x0000000020000309        0x1 ./Core/Src/main.o
                0x0000000020000309                indexValue
 .bss.invIinInst
                0x000000002000030a        0x2 ./Core/Src/main.o
                0x000000002000030a                invIinInst
 .bss.invIoutInst
                0x000000002000030c        0x2 ./Core/Src/main.o
                0x000000002000030c                invIoutInst
 .bss.invState  0x000000002000030e        0x1 ./Core/Src/main.o
                0x000000002000030e                invState
 *fill*         0x000000002000030f        0x1 
 .bss.invVinInst
                0x0000000020000310        0x2 ./Core/Src/main.o
                0x0000000020000310                invVinInst
 .bss.invVoutInst
                0x0000000020000312        0x2 ./Core/Src/main.o
                0x0000000020000312                invVoutInst
 .bss.key       0x0000000020000314        0x8 ./Core/Src/main.o
                0x0000000020000314                key
 .bss.keyState  0x000000002000031c        0x1 ./Core/Src/main.o
                0x000000002000031c                keyState
 .bss.machineState
                0x000000002000031d        0x1 ./Core/Src/main.o
                0x000000002000031d                machineState
 *fill*         0x000000002000031e        0x2 
 .bss.ntc       0x0000000020000320        0x8 ./Core/Src/main.o
                0x0000000020000320                ntc
 .bss.phaseState
                0x0000000020000328        0x1 ./Core/Src/main.o
                0x0000000020000328                phaseState
 *fill*         0x0000000020000329        0x3 
 .bss.pi_control
                0x000000002000032c       0x18 ./Core/Src/main.o
                0x000000002000032c                pi_control
 .bss.powerState
                0x0000000020000344        0x1 ./Core/Src/main.o
                0x0000000020000344                powerState
 .bss.prv_keyState
                0x0000000020000345        0x1 ./Core/Src/main.o
                0x0000000020000345                prv_keyState
 *fill*         0x0000000020000346        0x2 
 .bss.read_buffer
                0x0000000020000348        0x4 ./Core/Src/main.o
                0x0000000020000348                read_buffer
 .bss.sampling  0x000000002000034c        0x2 ./Core/Src/main.o
                0x000000002000034c                sampling
 *fill*         0x000000002000034e        0x2 
 .bss.spwm      0x0000000020000350       0x14 ./Core/Src/main.o
                0x0000000020000350                spwm
 .bss.tx_echo   0x0000000020000364        0x8 ./Core/Src/main.o
                0x0000000020000364                tx_echo
 .bss.xfeedback
                0x000000002000036c        0x4 ./Core/Src/main.o
                0x000000002000036c                xfeedback
 .bss.__sbrk_heap_end
                0x0000000020000370        0x4 ./Core/Src/sysmem.o
 .bss.uwTick    0x0000000020000374        0x4 ./Drivers/STM32F1xx_HAL_Driver/Src/stm32f1xx_hal.o
                0x0000000020000374                uwTick
 .bss.__sf      0x0000000020000378      0x138 C:/ST/STM32CubeIDE_1.13.0/STM32CubeIDE/plugins/com.st.stm32cube.ide.mcu.externaltools.gnu-tools-for-stm32.11.3.rel1.win32_1.1.0.202305231506/tools/bin/../lib/gcc/arm-none-eabi/11.3.1/../../../../arm-none-eabi/lib/thumb/v7-m/nofp\libc_nano.a(libc_a-findfp.o)
                0x0000000020000378                __sf
 .bss.errno     0x00000000200004b0        0x4 C:/ST/STM32CubeIDE_1.13.0/STM32CubeIDE/plugins/com.st.stm32cube.ide.mcu.externaltools.gnu-tools-for-stm32.11.3.rel1.win32_1.1.0.202305231506/tools/bin/../lib/gcc/arm-none-eabi/11.3.1/../../../../arm-none-eabi/lib/thumb/v7-m/nofp\libc_nano.a(libc_a-reent.o)
                0x00000000200004b0                errno
 .bss.__lock___malloc_recursive_mutex
                0x00000000200004b4        0x1 C:/ST/STM32CubeIDE_1.13.0/STM32CubeIDE/plugins/com.st.stm32cube.ide.mcu.externaltools.gnu-tools-for-stm32.11.3.rel1.win32_1.1.0.202305231506/tools/bin/../lib/gcc/arm-none-eabi/11.3.1/../../../../arm-none-eabi/lib/thumb/v7-m/nofp\libc_nano.a(libc_a-lock.o)
                0x00000000200004b4                __lock___malloc_recursive_mutex
 *fill*         0x00000000200004b5        0x3 
 .bss.__malloc_free_list
                0x00000000200004b8        0x4 C:/ST/STM32CubeIDE_1.13.0/STM32CubeIDE/plugins/com.st.stm32cube.ide.mcu.externaltools.gnu-tools-for-stm32.11.3.rel1.win32_1.1.0.202305231506/tools/bin/../lib/gcc/arm-none-eabi/11.3.1/../../../../arm-none-eabi/lib/thumb/v7-m/nofp\libc_nano.a(libc_a-mallocr.o)
                0x00000000200004b8                __malloc_free_list
 .bss.__malloc_sbrk_start
                0x00000000200004bc        0x4 C:/ST/STM32CubeIDE_1.13.0/STM32CubeIDE/plugins/com.st.stm32cube.ide.mcu.externaltools.gnu-tools-for-stm32.11.3.rel1.win32_1.1.0.202305231506/tools/bin/../lib/gcc/arm-none-eabi/11.3.1/../../../../arm-none-eabi/lib/thumb/v7-m/nofp\libc_nano.a(libc_a-mallocr.o)
                0x00000000200004bc                __malloc_sbrk_start
 *(COMMON)
                0x00000000200004c0                . = ALIGN (0x4)
                0x00000000200004c0                _ebss = .
                0x00000000200004c0                __bss_end__ = _ebss

._user_heap_stack
                0x00000000200004c0      0x600 load address 0x0000000008005e38
                0x00000000200004c0                . = ALIGN (0x8)
                [!provide]                        PROVIDE (end = .)
                0x00000000200004c0                PROVIDE (_end = .)
                0x00000000200006c0                . = (. + _Min_Heap_Size)
 *fill*         0x00000000200004c0      0x200 
                0x0000000020000ac0                . = (. + _Min_Stack_Size)
 *fill*         0x00000000200006c0      0x400 
                0x0000000020000ac0                . = ALIGN (0x8)

/DISCARD/
 libc.a(*)
 libm.a(*)
 libgcc.a(*)

.ARM.attributes
                0x0000000000000000       0x29
 *(.ARM.attributes)
 .ARM.attributes
                0x0000000000000000       0x1d C:/ST/STM32CubeIDE_1.13.0/STM32CubeIDE/plugins/com.st.stm32cube.ide.mcu.externaltools.gnu-tools-for-stm32.11.3.rel1.win32_1.1.0.202305231506/tools/bin/../lib/gcc/arm-none-eabi/11.3.1/thumb/v7-m/nofp/crti.o
 .ARM.attributes
                0x000000000000001d       0x2d C:/ST/STM32CubeIDE_1.13.0/STM32CubeIDE/plugins/com.st.stm32cube.ide.mcu.externaltools.gnu-tools-for-stm32.11.3.rel1.win32_1.1.0.202305231506/tools/bin/../lib/gcc/arm-none-eabi/11.3.1/thumb/v7-m/nofp/crtbegin.o
 .ARM.attributes
                0x000000000000004a       0x29 ./Core/Src/lcd.o
 .ARM.attributes
                0x0000000000000073       0x29 ./Core/Src/main.o
 .ARM.attributes
                0x000000000000009c       0x29 ./Core/Src/stm32f1xx_hal_msp.o
 .ARM.attributes
                0x00000000000000c5       0x29 ./Core/Src/stm32f1xx_it.o
 .ARM.attributes
                0x00000000000000ee       0x29 ./Core/Src/sysmem.o
 .ARM.attributes
                0x0000000000000117       0x29 ./Core/Src/system_stm32f1xx.o
 .ARM.attributes
                0x0000000000000140       0x21 ./Core/Startup/startup_stm32f103c6tx.o
 .ARM.attributes
                0x0000000000000161       0x29 ./Drivers/STM32F1xx_HAL_Driver/Src/stm32f1xx_hal.o
 .ARM.attributes
                0x000000000000018a       0x29 ./Drivers/STM32F1xx_HAL_Driver/Src/stm32f1xx_hal_adc.o
 .ARM.attributes
                0x00000000000001b3       0x29 ./Drivers/STM32F1xx_HAL_Driver/Src/stm32f1xx_hal_adc_ex.o
 .ARM.attributes
                0x00000000000001dc       0x29 ./Drivers/STM32F1xx_HAL_Driver/Src/stm32f1xx_hal_cortex.o
 .ARM.attributes
                0x0000000000000205       0x29 ./Drivers/STM32F1xx_HAL_Driver/Src/stm32f1xx_hal_dma.o
 .ARM.attributes
                0x000000000000022e       0x29 ./Drivers/STM32F1xx_HAL_Driver/Src/stm32f1xx_hal_gpio.o
 .ARM.attributes
                0x0000000000000257       0x29 ./Drivers/STM32F1xx_HAL_Driver/Src/stm32f1xx_hal_i2c.o
 .ARM.attributes
                0x0000000000000280       0x29 ./Drivers/STM32F1xx_HAL_Driver/Src/stm32f1xx_hal_rcc.o
 .ARM.attributes
                0x00000000000002a9       0x29 ./Drivers/STM32F1xx_HAL_Driver/Src/stm32f1xx_hal_rcc_ex.o
 .ARM.attributes
                0x00000000000002d2       0x29 ./Drivers/STM32F1xx_HAL_Driver/Src/stm32f1xx_hal_tim.o
 .ARM.attributes
                0x00000000000002fb       0x29 ./Drivers/STM32F1xx_HAL_Driver/Src/stm32f1xx_hal_tim_ex.o
 .ARM.attributes
                0x0000000000000324       0x29 ./Drivers/STM32F1xx_HAL_Driver/Src/stm32f1xx_hal_uart.o
 .ARM.attributes
                0x000000000000034d       0x2d C:/ST/STM32CubeIDE_1.13.0/STM32CubeIDE/plugins/com.st.stm32cube.ide.mcu.externaltools.gnu-tools-for-stm32.11.3.rel1.win32_1.1.0.202305231506/tools/bin/../lib/gcc/arm-none-eabi/11.3.1/../../../../arm-none-eabi/lib/thumb/v7-m/nofp\libc_nano.a(libc_a-findfp.o)
 .ARM.attributes
                0x000000000000037a       0x2d C:/ST/STM32CubeIDE_1.13.0/STM32CubeIDE/plugins/com.st.stm32cube.ide.mcu.externaltools.gnu-tools-for-stm32.11.3.rel1.win32_1.1.0.202305231506/tools/bin/../lib/gcc/arm-none-eabi/11.3.1/../../../../arm-none-eabi/lib/thumb/v7-m/nofp\libc_nano.a(libc_a-vsprintf.o)
 .ARM.attributes
                0x00000000000003a7       0x2d C:/ST/STM32CubeIDE_1.13.0/STM32CubeIDE/plugins/com.st.stm32cube.ide.mcu.externaltools.gnu-tools-for-stm32.11.3.rel1.win32_1.1.0.202305231506/tools/bin/../lib/gcc/arm-none-eabi/11.3.1/../../../../arm-none-eabi/lib/thumb/v7-m/nofp\libc_nano.a(libc_a-memset.o)
 .ARM.attributes
                0x00000000000003d4       0x2d C:/ST/STM32CubeIDE_1.13.0/STM32CubeIDE/plugins/com.st.stm32cube.ide.mcu.externaltools.gnu-tools-for-stm32.11.3.rel1.win32_1.1.0.202305231506/tools/bin/../lib/gcc/arm-none-eabi/11.3.1/../../../../arm-none-eabi/lib/thumb/v7-m/nofp\libc_nano.a(libc_a-reent.o)
 .ARM.attributes
                0x0000000000000401       0x2d C:/ST/STM32CubeIDE_1.13.0/STM32CubeIDE/plugins/com.st.stm32cube.ide.mcu.externaltools.gnu-tools-for-stm32.11.3.rel1.win32_1.1.0.202305231506/tools/bin/../lib/gcc/arm-none-eabi/11.3.1/../../../../arm-none-eabi/lib/thumb/v7-m/nofp\libc_nano.a(libc_a-impure.o)
 .ARM.attributes
                0x000000000000042e       0x2d C:/ST/STM32CubeIDE_1.13.0/STM32CubeIDE/plugins/com.st.stm32cube.ide.mcu.externaltools.gnu-tools-for-stm32.11.3.rel1.win32_1.1.0.202305231506/tools/bin/../lib/gcc/arm-none-eabi/11.3.1/../../../../arm-none-eabi/lib/thumb/v7-m/nofp\libc_nano.a(libc_a-errno.o)
 .ARM.attributes
                0x000000000000045b       0x2d C:/ST/STM32CubeIDE_1.13.0/STM32CubeIDE/plugins/com.st.stm32cube.ide.mcu.externaltools.gnu-tools-for-stm32.11.3.rel1.win32_1.1.0.202305231506/tools/bin/../lib/gcc/arm-none-eabi/11.3.1/../../../../arm-none-eabi/lib/thumb/v7-m/nofp\libc_nano.a(libc_a-init.o)
 .ARM.attributes
                0x0000000000000488       0x2d C:/ST/STM32CubeIDE_1.13.0/STM32CubeIDE/plugins/com.st.stm32cube.ide.mcu.externaltools.gnu-tools-for-stm32.11.3.rel1.win32_1.1.0.202305231506/tools/bin/../lib/gcc/arm-none-eabi/11.3.1/../../../../arm-none-eabi/lib/thumb/v7-m/nofp\libc_nano.a(libc_a-lock.o)
 .ARM.attributes
                0x00000000000004b5       0x2d C:/ST/STM32CubeIDE_1.13.0/STM32CubeIDE/plugins/com.st.stm32cube.ide.mcu.externaltools.gnu-tools-for-stm32.11.3.rel1.win32_1.1.0.202305231506/tools/bin/../lib/gcc/arm-none-eabi/11.3.1/../../../../arm-none-eabi/lib/thumb/v7-m/nofp\libc_nano.a(libc_a-freer.o)
 .ARM.attributes
                0x00000000000004e2       0x2d C:/ST/STM32CubeIDE_1.13.0/STM32CubeIDE/plugins/com.st.stm32cube.ide.mcu.externaltools.gnu-tools-for-stm32.11.3.rel1.win32_1.1.0.202305231506/tools/bin/../lib/gcc/arm-none-eabi/11.3.1/../../../../arm-none-eabi/lib/thumb/v7-m/nofp\libc_nano.a(libc_a-mallocr.o)
 .ARM.attributes
                0x000000000000050f       0x2d C:/ST/STM32CubeIDE_1.13.0/STM32CubeIDE/plugins/com.st.stm32cube.ide.mcu.externaltools.gnu-tools-for-stm32.11.3.rel1.win32_1.1.0.202305231506/tools/bin/../lib/gcc/arm-none-eabi/11.3.1/../../../../arm-none-eabi/lib/thumb/v7-m/nofp\libc_nano.a(libc_a-mlock.o)
 .ARM.attributes
                0x000000000000053c       0x2d C:/ST/STM32CubeIDE_1.13.0/STM32CubeIDE/plugins/com.st.stm32cube.ide.mcu.externaltools.gnu-tools-for-stm32.11.3.rel1.win32_1.1.0.202305231506/tools/bin/../lib/gcc/arm-none-eabi/11.3.1/../../../../arm-none-eabi/lib/thumb/v7-m/nofp\libc_nano.a(libc_a-nano-svfprintf.o)
 .ARM.attributes
                0x0000000000000569       0x2d C:/ST/STM32CubeIDE_1.13.0/STM32CubeIDE/plugins/com.st.stm32cube.ide.mcu.externaltools.gnu-tools-for-stm32.11.3.rel1.win32_1.1.0.202305231506/tools/bin/../lib/gcc/arm-none-eabi/11.3.1/../../../../arm-none-eabi/lib/thumb/v7-m/nofp\libc_nano.a(libc_a-nano-vfprintf_i.o)
 .ARM.attributes
                0x0000000000000596       0x2d C:/ST/STM32CubeIDE_1.13.0/STM32CubeIDE/plugins/com.st.stm32cube.ide.mcu.externaltools.gnu-tools-for-stm32.11.3.rel1.win32_1.1.0.202305231506/tools/bin/../lib/gcc/arm-none-eabi/11.3.1/../../../../arm-none-eabi/lib/thumb/v7-m/nofp\libc_nano.a(libc_a-memmove.o)
 .ARM.attributes
                0x00000000000005c3       0x2d C:/ST/STM32CubeIDE_1.13.0/STM32CubeIDE/plugins/com.st.stm32cube.ide.mcu.externaltools.gnu-tools-for-stm32.11.3.rel1.win32_1.1.0.202305231506/tools/bin/../lib/gcc/arm-none-eabi/11.3.1/../../../../arm-none-eabi/lib/thumb/v7-m/nofp\libc_nano.a(libc_a-sbrkr.o)
 .ARM.attributes
                0x00000000000005f0       0x2d C:/ST/STM32CubeIDE_1.13.0/STM32CubeIDE/plugins/com.st.stm32cube.ide.mcu.externaltools.gnu-tools-for-stm32.11.3.rel1.win32_1.1.0.202305231506/tools/bin/../lib/gcc/arm-none-eabi/11.3.1/../../../../arm-none-eabi/lib/thumb/v7-m/nofp\libc_nano.a(libc_a-memchr-stub.o)
 .ARM.attributes
                0x000000000000061d       0x2d C:/ST/STM32CubeIDE_1.13.0/STM32CubeIDE/plugins/com.st.stm32cube.ide.mcu.externaltools.gnu-tools-for-stm32.11.3.rel1.win32_1.1.0.202305231506/tools/bin/../lib/gcc/arm-none-eabi/11.3.1/../../../../arm-none-eabi/lib/thumb/v7-m/nofp\libc_nano.a(libc_a-memcpy-stub.o)
 .ARM.attributes
                0x000000000000064a       0x2d C:/ST/STM32CubeIDE_1.13.0/STM32CubeIDE/plugins/com.st.stm32cube.ide.mcu.externaltools.gnu-tools-for-stm32.11.3.rel1.win32_1.1.0.202305231506/tools/bin/../lib/gcc/arm-none-eabi/11.3.1/../../../../arm-none-eabi/lib/thumb/v7-m/nofp\libc_nano.a(libc_a-reallocr.o)
 .ARM.attributes
                0x0000000000000677       0x2d C:/ST/STM32CubeIDE_1.13.0/STM32CubeIDE/plugins/com.st.stm32cube.ide.mcu.externaltools.gnu-tools-for-stm32.11.3.rel1.win32_1.1.0.202305231506/tools/bin/../lib/gcc/arm-none-eabi/11.3.1/../../../../arm-none-eabi/lib/thumb/v7-m/nofp\libc_nano.a(libc_a-msizer.o)
 .ARM.attributes
                0x00000000000006a4       0x1d C:/ST/STM32CubeIDE_1.13.0/STM32CubeIDE/plugins/com.st.stm32cube.ide.mcu.externaltools.gnu-tools-for-stm32.11.3.rel1.win32_1.1.0.202305231506/tools/bin/../lib/gcc/arm-none-eabi/11.3.1/thumb/v7-m/nofp\libgcc.a(_arm_mulsf3.o)
 .ARM.attributes
                0x00000000000006c1       0x1d C:/ST/STM32CubeIDE_1.13.0/STM32CubeIDE/plugins/com.st.stm32cube.ide.mcu.externaltools.gnu-tools-for-stm32.11.3.rel1.win32_1.1.0.202305231506/tools/bin/../lib/gcc/arm-none-eabi/11.3.1/thumb/v7-m/nofp\libgcc.a(_arm_addsubsf3.o)
 .ARM.attributes
                0x00000000000006de       0x1d C:/ST/STM32CubeIDE_1.13.0/STM32CubeIDE/plugins/com.st.stm32cube.ide.mcu.externaltools.gnu-tools-for-stm32.11.3.rel1.win32_1.1.0.202305231506/tools/bin/../lib/gcc/arm-none-eabi/11.3.1/thumb/v7-m/nofp\libgcc.a(_arm_cmpsf2.o)
 .ARM.attributes
                0x00000000000006fb       0x1d C:/ST/STM32CubeIDE_1.13.0/STM32CubeIDE/plugins/com.st.stm32cube.ide.mcu.externaltools.gnu-tools-for-stm32.11.3.rel1.win32_1.1.0.202305231506/tools/bin/../lib/gcc/arm-none-eabi/11.3.1/thumb/v7-m/nofp\libgcc.a(_arm_fixsfsi.o)
 .ARM.attributes
                0x0000000000000718       0x1d C:/ST/STM32CubeIDE_1.13.0/STM32CubeIDE/plugins/com.st.stm32cube.ide.mcu.externaltools.gnu-tools-for-stm32.11.3.rel1.win32_1.1.0.202305231506/tools/bin/../lib/gcc/arm-none-eabi/11.3.1/thumb/v7-m/nofp/crtn.o
OUTPUT(F103C6.elf elf32-littlearm)
LOAD linker stubs
LOAD C:/ST/STM32CubeIDE_1.13.0/STM32CubeIDE/plugins/com.st.stm32cube.ide.mcu.externaltools.gnu-tools-for-stm32.11.3.rel1.win32_1.1.0.202305231506/tools/bin/../lib/gcc/arm-none-eabi/11.3.1/../../../../arm-none-eabi/lib/thumb/v7-m/nofp\libc.a
LOAD C:/ST/STM32CubeIDE_1.13.0/STM32CubeIDE/plugins/com.st.stm32cube.ide.mcu.externaltools.gnu-tools-for-stm32.11.3.rel1.win32_1.1.0.202305231506/tools/bin/../lib/gcc/arm-none-eabi/11.3.1/../../../../arm-none-eabi/lib/thumb/v7-m/nofp\libm.a
LOAD C:/ST/STM32CubeIDE_1.13.0/STM32CubeIDE/plugins/com.st.stm32cube.ide.mcu.externaltools.gnu-tools-for-stm32.11.3.rel1.win32_1.1.0.202305231506/tools/bin/../lib/gcc/arm-none-eabi/11.3.1/thumb/v7-m/nofp\libgcc.a

.comment        0x0000000000000000       0x43
 .comment       0x0000000000000000       0x43 C:/ST/STM32CubeIDE_1.13.0/STM32CubeIDE/plugins/com.st.stm32cube.ide.mcu.externaltools.gnu-tools-for-stm32.11.3.rel1.win32_1.1.0.202305231506/tools/bin/../lib/gcc/arm-none-eabi/11.3.1/thumb/v7-m/nofp/crtbegin.o
                                         0x44 (size before relaxing)
 .comment       0x0000000000000043       0x44 ./Core/Src/lcd.o
 .comment       0x0000000000000043       0x44 ./Core/Src/main.o
 .comment       0x0000000000000043       0x44 ./Core/Src/stm32f1xx_hal_msp.o
 .comment       0x0000000000000043       0x44 ./Core/Src/stm32f1xx_it.o
 .comment       0x0000000000000043       0x44 ./Core/Src/sysmem.o
 .comment       0x0000000000000043       0x44 ./Core/Src/system_stm32f1xx.o
 .comment       0x0000000000000043       0x44 ./Drivers/STM32F1xx_HAL_Driver/Src/stm32f1xx_hal.o
 .comment       0x0000000000000043       0x44 ./Drivers/STM32F1xx_HAL_Driver/Src/stm32f1xx_hal_adc.o
 .comment       0x0000000000000043       0x44 ./Drivers/STM32F1xx_HAL_Driver/Src/stm32f1xx_hal_adc_ex.o
 .comment       0x0000000000000043       0x44 ./Drivers/STM32F1xx_HAL_Driver/Src/stm32f1xx_hal_cortex.o
 .comment       0x0000000000000043       0x44 ./Drivers/STM32F1xx_HAL_Driver/Src/stm32f1xx_hal_dma.o
 .comment       0x0000000000000043       0x44 ./Drivers/STM32F1xx_HAL_Driver/Src/stm32f1xx_hal_gpio.o
 .comment       0x0000000000000043       0x44 ./Drivers/STM32F1xx_HAL_Driver/Src/stm32f1xx_hal_i2c.o
 .comment       0x0000000000000043       0x44 ./Drivers/STM32F1xx_HAL_Driver/Src/stm32f1xx_hal_rcc.o
 .comment       0x0000000000000043       0x44 ./Drivers/STM32F1xx_HAL_Driver/Src/stm32f1xx_hal_rcc_ex.o
 .comment       0x0000000000000043       0x44 ./Drivers/STM32F1xx_HAL_Driver/Src/stm32f1xx_hal_tim.o
 .comment       0x0000000000000043       0x44 ./Drivers/STM32F1xx_HAL_Driver/Src/stm32f1xx_hal_tim_ex.o
 .comment       0x0000000000000043       0x44 ./Drivers/STM32F1xx_HAL_Driver/Src/stm32f1xx_hal_uart.o

.debug_info     0x0000000000000000    0x1b4ac
 .debug_info    0x0000000000000000      0xc07 ./Core/Src/lcd.o
 .debug_info    0x0000000000000c07     0x431e ./Core/Src/main.o
 .debug_info    0x0000000000004f25     0x1715 ./Core/Src/stm32f1xx_hal_msp.o
 .debug_info    0x000000000000663a      0xa0b ./Core/Src/stm32f1xx_it.o
 .debug_info    0x0000000000007045      0x186 ./Core/Src/sysmem.o
 .debug_info    0x00000000000071cb      0x231 ./Core/Src/system_stm32f1xx.o
 .debug_info    0x00000000000073fc       0x23 ./Core/Startup/startup_stm32f103c6tx.o
 .debug_info    0x000000000000741f      0x7be ./Drivers/STM32F1xx_HAL_Driver/Src/stm32f1xx_hal.o
 .debug_info    0x0000000000007bdd     0x1103 ./Drivers/STM32F1xx_HAL_Driver/Src/stm32f1xx_hal_adc.o
 .debug_info    0x0000000000008ce0      0xc31 ./Drivers/STM32F1xx_HAL_Driver/Src/stm32f1xx_hal_adc_ex.o
 .debug_info    0x0000000000009911      0xc87 ./Drivers/STM32F1xx_HAL_Driver/Src/stm32f1xx_hal_cortex.o
 .debug_info    0x000000000000a598      0x7ef ./Drivers/STM32F1xx_HAL_Driver/Src/stm32f1xx_hal_dma.o
 .debug_info    0x000000000000ad87      0x604 ./Drivers/STM32F1xx_HAL_Driver/Src/stm32f1xx_hal_gpio.o
 .debug_info    0x000000000000b38b     0x406b ./Drivers/STM32F1xx_HAL_Driver/Src/stm32f1xx_hal_i2c.o
 .debug_info    0x000000000000f3f6      0xa69 ./Drivers/STM32F1xx_HAL_Driver/Src/stm32f1xx_hal_rcc.o
 .debug_info    0x000000000000fe5f      0x420 ./Drivers/STM32F1xx_HAL_Driver/Src/stm32f1xx_hal_rcc_ex.o
 .debug_info    0x000000000001027f     0x4ddc ./Drivers/STM32F1xx_HAL_Driver/Src/stm32f1xx_hal_tim.o
 .debug_info    0x000000000001505b     0x1b7e ./Drivers/STM32F1xx_HAL_Driver/Src/stm32f1xx_hal_tim_ex.o
 .debug_info    0x0000000000016bd9     0x48d3 ./Drivers/STM32F1xx_HAL_Driver/Src/stm32f1xx_hal_uart.o

.debug_abbrev   0x0000000000000000     0x33c7
 .debug_abbrev  0x0000000000000000      0x2c9 ./Core/Src/lcd.o
 .debug_abbrev  0x00000000000002c9      0x52d ./Core/Src/main.o
 .debug_abbrev  0x00000000000007f6      0x2df ./Core/Src/stm32f1xx_hal_msp.o
 .debug_abbrev  0x0000000000000ad5      0x1fb ./Core/Src/stm32f1xx_it.o
 .debug_abbrev  0x0000000000000cd0       0xdc ./Core/Src/sysmem.o
 .debug_abbrev  0x0000000000000dac      0x145 ./Core/Src/system_stm32f1xx.o
 .debug_abbrev  0x0000000000000ef1       0x12 ./Core/Startup/startup_stm32f103c6tx.o
 .debug_abbrev  0x0000000000000f03      0x272 ./Drivers/STM32F1xx_HAL_Driver/Src/stm32f1xx_hal.o
 .debug_abbrev  0x0000000000001175      0x33b ./Drivers/STM32F1xx_HAL_Driver/Src/stm32f1xx_hal_adc.o
 .debug_abbrev  0x00000000000014b0      0x298 ./Drivers/STM32F1xx_HAL_Driver/Src/stm32f1xx_hal_adc_ex.o
 .debug_abbrev  0x0000000000001748      0x364 ./Drivers/STM32F1xx_HAL_Driver/Src/stm32f1xx_hal_cortex.o
 .debug_abbrev  0x0000000000001aac      0x26a ./Drivers/STM32F1xx_HAL_Driver/Src/stm32f1xx_hal_dma.o
 .debug_abbrev  0x0000000000001d16      0x1f7 ./Drivers/STM32F1xx_HAL_Driver/Src/stm32f1xx_hal_gpio.o
 .debug_abbrev  0x0000000000001f0d      0x46c ./Drivers/STM32F1xx_HAL_Driver/Src/stm32f1xx_hal_i2c.o
 .debug_abbrev  0x0000000000002379      0x344 ./Drivers/STM32F1xx_HAL_Driver/Src/stm32f1xx_hal_rcc.o
 .debug_abbrev  0x00000000000026bd      0x1d8 ./Drivers/STM32F1xx_HAL_Driver/Src/stm32f1xx_hal_rcc_ex.o
 .debug_abbrev  0x0000000000002895      0x391 ./Drivers/STM32F1xx_HAL_Driver/Src/stm32f1xx_hal_tim.o
 .debug_abbrev  0x0000000000002c26      0x37c ./Drivers/STM32F1xx_HAL_Driver/Src/stm32f1xx_hal_tim_ex.o
 .debug_abbrev  0x0000000000002fa2      0x425 ./Drivers/STM32F1xx_HAL_Driver/Src/stm32f1xx_hal_uart.o

.debug_loclists
                0x0000000000000000     0xee38
 .debug_loclists
                0x0000000000000000      0x220 ./Core/Src/lcd.o
 .debug_loclists
                0x0000000000000220      0xa58 ./Core/Src/main.o
 .debug_loclists
                0x0000000000000c78      0x18b ./Core/Src/stm32f1xx_hal_msp.o
 .debug_loclists
                0x0000000000000e03       0x55 ./Core/Src/sysmem.o
 .debug_loclists
                0x0000000000000e58       0x9f ./Core/Src/system_stm32f1xx.o
 .debug_loclists
                0x0000000000000ef7       0xe2 ./Drivers/STM32F1xx_HAL_Driver/Src/stm32f1xx_hal.o
 .debug_loclists
                0x0000000000000fd9      0x9ed ./Drivers/STM32F1xx_HAL_Driver/Src/stm32f1xx_hal_adc.o
 .debug_loclists
                0x00000000000019c6      0x602 ./Drivers/STM32F1xx_HAL_Driver/Src/stm32f1xx_hal_adc_ex.o
 .debug_loclists
                0x0000000000001fc8      0x45b ./Drivers/STM32F1xx_HAL_Driver/Src/stm32f1xx_hal_cortex.o
 .debug_loclists
                0x0000000000002423      0x679 ./Drivers/STM32F1xx_HAL_Driver/Src/stm32f1xx_hal_dma.o
 .debug_loclists
                0x0000000000002a9c      0x2cd ./Drivers/STM32F1xx_HAL_Driver/Src/stm32f1xx_hal_gpio.o
 .debug_loclists
                0x0000000000002d69     0x2fd1 ./Drivers/STM32F1xx_HAL_Driver/Src/stm32f1xx_hal_i2c.o
 .debug_loclists
                0x0000000000005d3a      0x475 ./Drivers/STM32F1xx_HAL_Driver/Src/stm32f1xx_hal_rcc.o
 .debug_loclists
                0x00000000000061af      0x297 ./Drivers/STM32F1xx_HAL_Driver/Src/stm32f1xx_hal_rcc_ex.o
 .debug_loclists
                0x0000000000006446     0x4bcd ./Drivers/STM32F1xx_HAL_Driver/Src/stm32f1xx_hal_tim.o
 .debug_loclists
                0x000000000000b013      0xf06 ./Drivers/STM32F1xx_HAL_Driver/Src/stm32f1xx_hal_tim_ex.o
 .debug_loclists
                0x000000000000bf19     0x2f1f ./Drivers/STM32F1xx_HAL_Driver/Src/stm32f1xx_hal_uart.o

.debug_aranges  0x0000000000000000      0xd98
 .debug_aranges
                0x0000000000000000       0xa0 ./Core/Src/lcd.o
 .debug_aranges
                0x00000000000000a0       0xc8 ./Core/Src/main.o
 .debug_aranges
                0x0000000000000168       0x68 ./Core/Src/stm32f1xx_hal_msp.o
 .debug_aranges
                0x00000000000001d0       0x70 ./Core/Src/stm32f1xx_it.o
 .debug_aranges
                0x0000000000000240       0x20 ./Core/Src/sysmem.o
 .debug_aranges
                0x0000000000000260       0x28 ./Core/Src/system_stm32f1xx.o
 .debug_aranges
                0x0000000000000288       0x28 ./Core/Startup/startup_stm32f103c6tx.o
 .debug_aranges
                0x00000000000002b0       0xd8 ./Drivers/STM32F1xx_HAL_Driver/Src/stm32f1xx_hal.o
 .debug_aranges
                0x0000000000000388       0xc8 ./Drivers/STM32F1xx_HAL_Driver/Src/stm32f1xx_hal_adc.o
 .debug_aranges
                0x0000000000000450       0x80 ./Drivers/STM32F1xx_HAL_Driver/Src/stm32f1xx_hal_adc_ex.o
 .debug_aranges
                0x00000000000004d0       0x90 ./Drivers/STM32F1xx_HAL_Driver/Src/stm32f1xx_hal_cortex.o
 .debug_aranges
                0x0000000000000560       0x78 ./Drivers/STM32F1xx_HAL_Driver/Src/stm32f1xx_hal_dma.o
 .debug_aranges
                0x00000000000005d8       0x58 ./Drivers/STM32F1xx_HAL_Driver/Src/stm32f1xx_hal_gpio.o
 .debug_aranges
                0x0000000000000630      0x198 ./Drivers/STM32F1xx_HAL_Driver/Src/stm32f1xx_hal_i2c.o
 .debug_aranges
                0x00000000000007c8       0x88 ./Drivers/STM32F1xx_HAL_Driver/Src/stm32f1xx_hal_rcc.o
 .debug_aranges
                0x0000000000000850       0x30 ./Drivers/STM32F1xx_HAL_Driver/Src/stm32f1xx_hal_rcc_ex.o
 .debug_aranges
                0x0000000000000880      0x278 ./Drivers/STM32F1xx_HAL_Driver/Src/stm32f1xx_hal_tim.o
 .debug_aranges
                0x0000000000000af8      0x110 ./Drivers/STM32F1xx_HAL_Driver/Src/stm32f1xx_hal_tim_ex.o
 .debug_aranges
                0x0000000000000c08      0x190 ./Drivers/STM32F1xx_HAL_Driver/Src/stm32f1xx_hal_uart.o

.debug_rnglists
                0x0000000000000000     0x1a43
 .debug_rnglists
                0x0000000000000000       0x81 ./Core/Src/lcd.o
 .debug_rnglists
                0x0000000000000081      0x22c ./Core/Src/main.o
 .debug_rnglists
                0x00000000000002ad      0x13a ./Core/Src/stm32f1xx_hal_msp.o
 .debug_rnglists
                0x00000000000003e7       0x4f ./Core/Src/stm32f1xx_it.o
 .debug_rnglists
                0x0000000000000436       0x13 ./Core/Src/sysmem.o
 .debug_rnglists
                0x0000000000000449       0x19 ./Core/Src/system_stm32f1xx.o
 .debug_rnglists
                0x0000000000000462       0x19 ./Core/Startup/startup_stm32f103c6tx.o
 .debug_rnglists
                0x000000000000047b       0x9d ./Drivers/STM32F1xx_HAL_Driver/Src/stm32f1xx_hal.o
 .debug_rnglists
                0x0000000000000518      0x13c ./Drivers/STM32F1xx_HAL_Driver/Src/stm32f1xx_hal_adc.o
 .debug_rnglists
                0x0000000000000654       0x62 ./Drivers/STM32F1xx_HAL_Driver/Src/stm32f1xx_hal_adc_ex.o
 .debug_rnglists
                0x00000000000006b6       0xdf ./Drivers/STM32F1xx_HAL_Driver/Src/stm32f1xx_hal_cortex.o
 .debug_rnglists
                0x0000000000000795       0x77 ./Drivers/STM32F1xx_HAL_Driver/Src/stm32f1xx_hal_dma.o
 .debug_rnglists
                0x000000000000080c       0x57 ./Drivers/STM32F1xx_HAL_Driver/Src/stm32f1xx_hal_gpio.o
 .debug_rnglists
                0x0000000000000863      0x769 ./Drivers/STM32F1xx_HAL_Driver/Src/stm32f1xx_hal_i2c.o
 .debug_rnglists
                0x0000000000000fcc       0xcc ./Drivers/STM32F1xx_HAL_Driver/Src/stm32f1xx_hal_rcc.o
 .debug_rnglists
                0x0000000000001098       0x43 ./Drivers/STM32F1xx_HAL_Driver/Src/stm32f1xx_hal_rcc_ex.o
 .debug_rnglists
                0x00000000000010db      0x55f ./Drivers/STM32F1xx_HAL_Driver/Src/stm32f1xx_hal_tim.o
 .debug_rnglists
                0x000000000000163a      0x16b ./Drivers/STM32F1xx_HAL_Driver/Src/stm32f1xx_hal_tim_ex.o
 .debug_rnglists
                0x00000000000017a5      0x29e ./Drivers/STM32F1xx_HAL_Driver/Src/stm32f1xx_hal_uart.o

.debug_macro    0x0000000000000000    0x19037
 .debug_macro   0x0000000000000000      0x2a9 ./Core/Src/lcd.o
 .debug_macro   0x00000000000002a9      0xaa8 ./Core/Src/lcd.o
 .debug_macro   0x0000000000000d51       0x2e ./Core/Src/lcd.o
 .debug_macro   0x0000000000000d7f       0x22 ./Core/Src/lcd.o
 .debug_macro   0x0000000000000da1       0x22 ./Core/Src/lcd.o
 .debug_macro   0x0000000000000dc3       0x8e ./Core/Src/lcd.o
 .debug_macro   0x0000000000000e51       0x51 ./Core/Src/lcd.o
 .debug_macro   0x0000000000000ea2      0x103 ./Core/Src/lcd.o
 .debug_macro   0x0000000000000fa5       0x6a ./Core/Src/lcd.o
 .debug_macro   0x000000000000100f      0x1df ./Core/Src/lcd.o
 .debug_macro   0x00000000000011ee       0x1c ./Core/Src/lcd.o
 .debug_macro   0x000000000000120a       0x22 ./Core/Src/lcd.o
 .debug_macro   0x000000000000122c       0xbd ./Core/Src/lcd.o
 .debug_macro   0x00000000000012e9      0xd23 ./Core/Src/lcd.o
 .debug_macro   0x000000000000200c     0xde75 ./Core/Src/lcd.o
 .debug_macro   0x000000000000fe81       0x6d ./Core/Src/lcd.o
 .debug_macro   0x000000000000feee      0x22d ./Core/Src/lcd.o
 .debug_macro   0x000000000001011b     0x348d ./Core/Src/lcd.o
 .debug_macro   0x00000000000135a8      0x174 ./Core/Src/lcd.o
 .debug_macro   0x000000000001371c       0x5c ./Core/Src/lcd.o
 .debug_macro   0x0000000000013778      0x5bc ./Core/Src/lcd.o
 .debug_macro   0x0000000000013d34      0x1b7 ./Core/Src/lcd.o
 .debug_macro   0x0000000000013eeb      0x1cb ./Core/Src/lcd.o
 .debug_macro   0x00000000000140b6      0x114 ./Core/Src/lcd.o
 .debug_macro   0x00000000000141ca      0x1b2 ./Core/Src/lcd.o
 .debug_macro   0x000000000001437c       0x27 ./Core/Src/lcd.o
 .debug_macro   0x00000000000143a3      0x12f ./Core/Src/lcd.o
 .debug_macro   0x00000000000144d2      0x1bc ./Core/Src/lcd.o
 .debug_macro   0x000000000001468e       0x34 ./Core/Src/lcd.o
 .debug_macro   0x00000000000146c2       0x3c ./Core/Src/lcd.o
 .debug_macro   0x00000000000146fe       0x57 ./Core/Src/lcd.o
 .debug_macro   0x0000000000014755      0x46a ./Core/Src/lcd.o
 .debug_macro   0x0000000000014bbf      0x1b5 ./Core/Src/lcd.o
 .debug_macro   0x0000000000014d74       0x87 ./Core/Src/lcd.o
 .debug_macro   0x0000000000014dfb      0x183 ./Core/Src/lcd.o
 .debug_macro   0x0000000000014f7e      0x287 ./Core/Src/lcd.o
 .debug_macro   0x0000000000015205      0x140 ./Core/Src/lcd.o
 .debug_macro   0x0000000000015345      0x8ed ./Core/Src/lcd.o
 .debug_macro   0x0000000000015c32      0x28e ./Core/Src/lcd.o
 .debug_macro   0x0000000000015ec0       0x69 ./Core/Src/lcd.o
 .debug_macro   0x0000000000015f29       0x10 ./Core/Src/lcd.o
 .debug_macro   0x0000000000015f39       0xe2 ./Core/Src/lcd.o
 .debug_macro   0x000000000001601b       0x58 ./Core/Src/lcd.o
 .debug_macro   0x0000000000016073       0x61 ./Core/Src/lcd.o
 .debug_macro   0x00000000000160d4       0x24 ./Core/Src/lcd.o
 .debug_macro   0x00000000000160f8       0x43 ./Core/Src/lcd.o
 .debug_macro   0x000000000001613b       0x34 ./Core/Src/lcd.o
 .debug_macro   0x000000000001616f       0x16 ./Core/Src/lcd.o
 .debug_macro   0x0000000000016185       0x35 ./Core/Src/lcd.o
 .debug_macro   0x00000000000161ba      0x369 ./Core/Src/lcd.o
 .debug_macro   0x0000000000016523       0x16 ./Core/Src/lcd.o
 .debug_macro   0x0000000000016539       0x43 ./Core/Src/lcd.o
 .debug_macro   0x000000000001657c       0x34 ./Core/Src/lcd.o
 .debug_macro   0x00000000000165b0       0x10 ./Core/Src/lcd.o
 .debug_macro   0x00000000000165c0       0x58 ./Core/Src/lcd.o
 .debug_macro   0x0000000000016618       0x8e ./Core/Src/lcd.o
 .debug_macro   0x00000000000166a6       0x1c ./Core/Src/lcd.o
 .debug_macro   0x00000000000166c2      0x177 ./Core/Src/lcd.o
 .debug_macro   0x0000000000016839       0x16 ./Core/Src/lcd.o
 .debug_macro   0x000000000001684f       0x16 ./Core/Src/lcd.o
 .debug_macro   0x0000000000016865      0x147 ./Core/Src/lcd.o
 .debug_macro   0x00000000000169ac      0x354 ./Core/Src/main.o
 .debug_macro   0x0000000000016d00       0xdc ./Core/Src/main.o
 .debug_macro   0x0000000000016ddc      0x19b ./Core/Src/main.o
 .debug_macro   0x0000000000016f77      0x1f6 ./Core/Src/main.o
 .debug_macro   0x000000000001716d       0x16 ./Core/Src/main.o
 .debug_macro   0x0000000000017183      0x1ce ./Core/Src/stm32f1xx_hal_msp.o
 .debug_macro   0x0000000000017351      0x1d8 ./Core/Src/stm32f1xx_it.o
 .debug_macro   0x0000000000017529       0xff ./Core/Src/sysmem.o
 .debug_macro   0x0000000000017628      0x23c ./Core/Src/sysmem.o
 .debug_macro   0x0000000000017864      0x1bf ./Core/Src/system_stm32f1xx.o
 .debug_macro   0x0000000000017a23      0x1e3 ./Drivers/STM32F1xx_HAL_Driver/Src/stm32f1xx_hal.o
 .debug_macro   0x0000000000017c06      0x1dc ./Drivers/STM32F1xx_HAL_Driver/Src/stm32f1xx_hal_adc.o
 .debug_macro   0x0000000000017de2      0x1d1 ./Drivers/STM32F1xx_HAL_Driver/Src/stm32f1xx_hal_adc_ex.o
 .debug_macro   0x0000000000017fb3      0x1bf ./Drivers/STM32F1xx_HAL_Driver/Src/stm32f1xx_hal_cortex.o
 .debug_macro   0x0000000000018172      0x1bf ./Drivers/STM32F1xx_HAL_Driver/Src/stm32f1xx_hal_dma.o
 .debug_macro   0x0000000000018331      0x22a ./Drivers/STM32F1xx_HAL_Driver/Src/stm32f1xx_hal_gpio.o
 .debug_macro   0x000000000001855b      0x20d ./Drivers/STM32F1xx_HAL_Driver/Src/stm32f1xx_hal_i2c.o
 .debug_macro   0x0000000000018768      0x1d1 ./Drivers/STM32F1xx_HAL_Driver/Src/stm32f1xx_hal_rcc.o
 .debug_macro   0x0000000000018939      0x1bf ./Drivers/STM32F1xx_HAL_Driver/Src/stm32f1xx_hal_rcc_ex.o
 .debug_macro   0x0000000000018af8      0x1c0 ./Drivers/STM32F1xx_HAL_Driver/Src/stm32f1xx_hal_tim.o
 .debug_macro   0x0000000000018cb8      0x1bf ./Drivers/STM32F1xx_HAL_Driver/Src/stm32f1xx_hal_tim_ex.o
 .debug_macro   0x0000000000018e77      0x1c0 ./Drivers/STM32F1xx_HAL_Driver/Src/stm32f1xx_hal_uart.o

.debug_line     0x0000000000000000    0x217ed
 .debug_line    0x0000000000000000      0xbe9 ./Core/Src/lcd.o
 .debug_line    0x0000000000000be9     0x2fae ./Core/Src/main.o
 .debug_line    0x0000000000003b97      0xc11 ./Core/Src/stm32f1xx_hal_msp.o
 .debug_line    0x00000000000047a8      0x8a6 ./Core/Src/stm32f1xx_it.o
 .debug_line    0x000000000000504e      0x5bd ./Core/Src/sysmem.o
 .debug_line    0x000000000000560b      0x7c8 ./Core/Src/system_stm32f1xx.o
 .debug_line    0x0000000000005dd3       0x78 ./Core/Startup/startup_stm32f103c6tx.o
 .debug_line    0x0000000000005e4b      0xa96 ./Drivers/STM32F1xx_HAL_Driver/Src/stm32f1xx_hal.o
 .debug_line    0x00000000000068e1     0x18f3 ./Drivers/STM32F1xx_HAL_Driver/Src/stm32f1xx_hal_adc.o
 .debug_line    0x00000000000081d4     0x130c ./Drivers/STM32F1xx_HAL_Driver/Src/stm32f1xx_hal_adc_ex.o
 .debug_line    0x00000000000094e0      0xc7b ./Drivers/STM32F1xx_HAL_Driver/Src/stm32f1xx_hal_cortex.o
 .debug_line    0x000000000000a15b     0x12bb ./Drivers/STM32F1xx_HAL_Driver/Src/stm32f1xx_hal_dma.o
 .debug_line    0x000000000000b416      0xb92 ./Drivers/STM32F1xx_HAL_Driver/Src/stm32f1xx_hal_gpio.o
 .debug_line    0x000000000000bfa8     0x6e48 ./Drivers/STM32F1xx_HAL_Driver/Src/stm32f1xx_hal_i2c.o
 .debug_line    0x0000000000012df0     0x12a7 ./Drivers/STM32F1xx_HAL_Driver/Src/stm32f1xx_hal_rcc.o
 .debug_line    0x0000000000014097      0xa29 ./Drivers/STM32F1xx_HAL_Driver/Src/stm32f1xx_hal_rcc_ex.o
 .debug_line    0x0000000000014ac0     0x664c ./Drivers/STM32F1xx_HAL_Driver/Src/stm32f1xx_hal_tim.o
 .debug_line    0x000000000001b10c     0x1f5d ./Drivers/STM32F1xx_HAL_Driver/Src/stm32f1xx_hal_tim_ex.o
 .debug_line    0x000000000001d069     0x4784 ./Drivers/STM32F1xx_HAL_Driver/Src/stm32f1xx_hal_uart.o

.debug_str      0x0000000000000000    0x91e5b
 .debug_str     0x0000000000000000    0x8ae59 ./Core/Src/lcd.o
                                      0x8b20b (size before relaxing)
 .debug_str     0x000000000008ae59     0x3328 ./Core/Src/main.o
                                      0x8e06f (size before relaxing)
 .debug_str     0x000000000008e181      0x142 ./Core/Src/stm32f1xx_hal_msp.o
                                      0x8874c (size before relaxing)
 .debug_str     0x000000000008e2c3      0x13e ./Core/Src/stm32f1xx_it.o
                                      0x8802b (size before relaxing)
 .debug_str     0x000000000008e401      0x4dc ./Core/Src/sysmem.o
                                       0x602a (size before relaxing)
 .debug_str     0x000000000008e8dd       0x7e ./Core/Src/system_stm32f1xx.o
                                      0x87591 (size before relaxing)
 .debug_str     0x000000000008e95b       0x34 ./Core/Startup/startup_stm32f103c6tx.o
                                         0x6e (size before relaxing)
 .debug_str     0x000000000008e98f      0x384 ./Drivers/STM32F1xx_HAL_Driver/Src/stm32f1xx_hal.o
                                      0x87c8a (size before relaxing)
 .debug_str     0x000000000008ed13      0x367 ./Drivers/STM32F1xx_HAL_Driver/Src/stm32f1xx_hal_adc.o
                                      0x87c75 (size before relaxing)
 .debug_str     0x000000000008f07a      0x27b ./Drivers/STM32F1xx_HAL_Driver/Src/stm32f1xx_hal_adc_ex.o
                                      0x87c5d (size before relaxing)
 .debug_str     0x000000000008f2f5      0x28a ./Drivers/STM32F1xx_HAL_Driver/Src/stm32f1xx_hal_cortex.o
                                      0x87bd6 (size before relaxing)
 .debug_str     0x000000000008f57f      0x1e2 ./Drivers/STM32F1xx_HAL_Driver/Src/stm32f1xx_hal_dma.o
                                      0x8793a (size before relaxing)
 .debug_str     0x000000000008f761      0x2bd ./Drivers/STM32F1xx_HAL_Driver/Src/stm32f1xx_hal_gpio.o
                                      0x87917 (size before relaxing)
 .debug_str     0x000000000008fa1e      0xb73 ./Drivers/STM32F1xx_HAL_Driver/Src/stm32f1xx_hal_i2c.o
                                      0x88658 (size before relaxing)
 .debug_str     0x0000000000090591      0x209 ./Drivers/STM32F1xx_HAL_Driver/Src/stm32f1xx_hal_rcc.o
                                      0x879c0 (size before relaxing)
 .debug_str     0x000000000009079a       0x84 ./Drivers/STM32F1xx_HAL_Driver/Src/stm32f1xx_hal_rcc_ex.o
                                      0x87710 (size before relaxing)
 .debug_str     0x000000000009081e      0xcbb ./Drivers/STM32F1xx_HAL_Driver/Src/stm32f1xx_hal_tim.o
                                      0x889b2 (size before relaxing)
 .debug_str     0x00000000000914d9      0x3cc ./Drivers/STM32F1xx_HAL_Driver/Src/stm32f1xx_hal_tim_ex.o
                                      0x881ce (size before relaxing)
 .debug_str     0x00000000000918a5      0x5b6 ./Drivers/STM32F1xx_HAL_Driver/Src/stm32f1xx_hal_uart.o
                                      0x88031 (size before relaxing)

.debug_frame    0x0000000000000000     0x3910
 .debug_frame   0x0000000000000000      0x1d8 ./Core/Src/lcd.o
 .debug_frame   0x00000000000001d8      0x2bc ./Core/Src/main.o
 .debug_frame   0x0000000000000494      0x178 ./Core/Src/stm32f1xx_hal_msp.o
 .debug_frame   0x000000000000060c      0x104 ./Core/Src/stm32f1xx_it.o
 .debug_frame   0x0000000000000710       0x28 ./Core/Src/sysmem.o
 .debug_frame   0x0000000000000738       0x30 ./Core/Src/system_stm32f1xx.o
 .debug_frame   0x0000000000000768      0x1d4 ./Drivers/STM32F1xx_HAL_Driver/Src/stm32f1xx_hal.o