../Core/Src/lcd.c:35:6:LCD_PWRON	0	static
../Core/Src/lcd.c:40:6:LCD_PWROFF	0	static
../Core/Src/lcd.c:45:6:LCD_ENABLE	8	static
../Core/Src/lcd.c:56:6:LCD_CMD	16	static
../Core/Src/lcd.c:83:6:LCD_INIT	8	static
../Core/Src/lcd.c:118:6:LCD_printchar	16	static
../Core/Src/lcd.c:15:6:LCD_LOAD_CGRAM	16	static
../Core/Src/lcd.c:145:6:LCD_printstring	8	static
../Core/Src/lcd.c:154:6:LCD_CLEAR_DISPLAY	8	static
../Core/Src/lcd.c:164:6:LCD_2ndROW	0	static
../Core/Src/lcd.c:169:6:LCD_HOME	8	static
../Core/Src/lcd.c:179:6:LCD_LSHIFT	0	static
../Core/Src/lcd.c:184:6:LCD_RSHIFT	0	static
../Core/Src/lcd.c:189:6:LCD_DISP_ON	0	static
../Core/Src/lcd.c:194:6:LCD_DISP_OFF	0	static
../Core/Src/lcd.c:199:6:LCD_LOCATE	0	static
../Core/Src/lcd.c:217:6:LCD_printf	24	static
../Core/Src/lcd.c:243:6:LCD_CLEARSCREEN	8	static
