../Core/Src/main.c:365:6:delay_ms	0	static
../Core/Src/main.c:487:6:SystemClock_Config	88	static,ignoring_inline_asm
../Core/Src/main.c:1144:6:faultCheck	4	static
../Core/Src/main.c:1082:6:TIM2_ISR	8	static
../Core/Src/main.c:1366:9:convertTemp	16	static
../Core/Src/main.c:1453:9:PI	12	static
../Core/Src/main.c:973:6:TIM1_ISR	32	static
../Core/Src/main.c:1575:6:powerConvertion	0	static
../Core/Src/main.c:1594:6:readGPIO	16	static
../Core/Src/main.c:1511:6:sysTick	8	static
../Core/Src/main.c:1693:6:execDISP	16	static
../Core/Src/main.c:1734:6:InitParameters	12	static
../Core/Src/main.c:1744:6:InitPeripheral	8	static
../Core/Src/main.c:377:5:main	152	static,ignoring_inline_asm
../Core/Src/main.c:1766:6:ClearParameters	0	static
../Core/Src/main.c:1795:6:EEPromWrite	32	static
../Core/Src/main.c:1806:6:EEPromRead	32	static
../Core/Src/main.c:1817:6:UartTransmit	4	static
../Core/Src/main.c:1828:6:HAL_ADC_ConvCpltCallback	8	static
../Core/Src/main.c:1860:6:HAL_UART_RxCpltCallback	0	static
../Core/Src/main.c:1872:6:mainProgram	40	static
../Core/Src/main.c:1891:6:Error_Handler	0	static,ignoring_inline_asm
